Archive member included to satisfy reference by file (symbol)

C:/Users/rober/.pico-sdk/toolchain/13_2_Rel1/bin/../lib/gcc/arm-none-eabi/13.2.1/thumb/v6-m/nofp\libgcc.a(_dvmd_tls.o)
                              CMakeFiles/pico_prj.dir/C_/Users/rober/.pico-sdk/sdk/2.0.0/src/rp2_common/pico_divider/divider_hardware.S.obj (__aeabi_idiv0)
C:/Users/rober/.pico-sdk/toolchain/13_2_Rel1/bin/../lib/gcc/arm-none-eabi/13.2.1/thumb/v6-m/nofp\libg.a(libc_a-calloc.o)
                              CMakeFiles/pico_prj.dir/C_/Users/rober/.pico-sdk/sdk/2.0.0/src/rp2_common/pico_malloc/malloc.c.obj (calloc)
C:/Users/rober/.pico-sdk/toolchain/13_2_Rel1/bin/../lib/gcc/arm-none-eabi/13.2.1/thumb/v6-m/nofp\libg.a(libc_a-callocr.o)
                              C:/Users/rober/.pico-sdk/toolchain/13_2_Rel1/bin/../lib/gcc/arm-none-eabi/13.2.1/thumb/v6-m/nofp\libg.a(libc_a-calloc.o) (_calloc_r)
C:/Users/rober/.pico-sdk/toolchain/13_2_Rel1/bin/../lib/gcc/arm-none-eabi/13.2.1/thumb/v6-m/nofp\libg.a(libc_a-malloc.o)
                              CMakeFiles/pico_prj.dir/C_/Users/rober/.pico-sdk/sdk/2.0.0/src/rp2_common/pico_malloc/malloc.c.obj (malloc)
C:/Users/rober/.pico-sdk/toolchain/13_2_Rel1/bin/../lib/gcc/arm-none-eabi/13.2.1/thumb/v6-m/nofp\libg.a(libc_a-mallocr.o)
                              C:/Users/rober/.pico-sdk/toolchain/13_2_Rel1/bin/../lib/gcc/arm-none-eabi/13.2.1/thumb/v6-m/nofp\libg.a(libc_a-callocr.o) (_malloc_r)
C:/Users/rober/.pico-sdk/toolchain/13_2_Rel1/bin/../lib/gcc/arm-none-eabi/13.2.1/thumb/v6-m/nofp\libg.a(libc_a-mlock.o)
                              C:/Users/rober/.pico-sdk/toolchain/13_2_Rel1/bin/../lib/gcc/arm-none-eabi/13.2.1/thumb/v6-m/nofp\libg.a(libc_a-mallocr.o) (__malloc_lock)
C:/Users/rober/.pico-sdk/toolchain/13_2_Rel1/bin/../lib/gcc/arm-none-eabi/13.2.1/thumb/v6-m/nofp\libg.a(libc_a-realloc.o)
                              CMakeFiles/pico_prj.dir/C_/Users/rober/.pico-sdk/sdk/2.0.0/src/rp2_common/pico_malloc/malloc.c.obj (realloc)
C:/Users/rober/.pico-sdk/toolchain/13_2_Rel1/bin/../lib/gcc/arm-none-eabi/13.2.1/thumb/v6-m/nofp\libg.a(libc_a-reallocr.o)
                              C:/Users/rober/.pico-sdk/toolchain/13_2_Rel1/bin/../lib/gcc/arm-none-eabi/13.2.1/thumb/v6-m/nofp\libg.a(libc_a-realloc.o) (_realloc_r)
C:/Users/rober/.pico-sdk/toolchain/13_2_Rel1/bin/../lib/gcc/arm-none-eabi/13.2.1/thumb/v6-m/nofp\libg.a(libc_a-memcmp.o)
                              CMakeFiles/pico_prj.dir/C_/Users/rober/.pico-sdk/sdk/2.0.0/src/rp2_common/pico_atomic/atomic.c.obj (memcmp)
C:/Users/rober/.pico-sdk/toolchain/13_2_Rel1/bin/../lib/gcc/arm-none-eabi/13.2.1/thumb/v6-m/nofp\libg.a(libc_a-memmove.o)
                              CMakeFiles/pico_prj.dir/C_/Users/rober/.pico-sdk/sdk/2.0.0/lib/cyw43-driver/src/cyw43_ll.c.obj (memmove)
C:/Users/rober/.pico-sdk/toolchain/13_2_Rel1/bin/../lib/gcc/arm-none-eabi/13.2.1/thumb/v6-m/nofp\libg.a(libc_a-strncmp.o)
                              CMakeFiles/pico_prj.dir/C_/Users/rober/.pico-sdk/sdk/2.0.0/lib/cyw43-driver/src/cyw43_ll.c.obj (strncmp)
C:/Users/rober/.pico-sdk/toolchain/13_2_Rel1/bin/../lib/gcc/arm-none-eabi/13.2.1/thumb/v6-m/nofp\libg.a(libc_a-lcltime_r.o)
                              CMakeFiles/pico_prj.dir/C_/Users/rober/.pico-sdk/sdk/2.0.0/src/common/pico_util/datetime.c.obj (localtime_r)
C:/Users/rober/.pico-sdk/toolchain/13_2_Rel1/bin/../lib/gcc/arm-none-eabi/13.2.1/thumb/v6-m/nofp\libg.a(libc_a-mktime.o)
                              CMakeFiles/pico_prj.dir/C_/Users/rober/.pico-sdk/sdk/2.0.0/src/common/pico_util/datetime.c.obj (mktime)
C:/Users/rober/.pico-sdk/toolchain/13_2_Rel1/bin/../lib/gcc/arm-none-eabi/13.2.1/thumb/v6-m/nofp\libg.a(libc_a-month_lengths.o)
                              C:/Users/rober/.pico-sdk/toolchain/13_2_Rel1/bin/../lib/gcc/arm-none-eabi/13.2.1/thumb/v6-m/nofp\libg.a(libc_a-lcltime_r.o) (__month_lengths)
C:/Users/rober/.pico-sdk/toolchain/13_2_Rel1/bin/../lib/gcc/arm-none-eabi/13.2.1/thumb/v6-m/nofp\libg.a(libc_a-tzcalc_limits.o)
                              C:/Users/rober/.pico-sdk/toolchain/13_2_Rel1/bin/../lib/gcc/arm-none-eabi/13.2.1/thumb/v6-m/nofp\libg.a(libc_a-lcltime_r.o) (__tzcalc_limits)
C:/Users/rober/.pico-sdk/toolchain/13_2_Rel1/bin/../lib/gcc/arm-none-eabi/13.2.1/thumb/v6-m/nofp\libg.a(libc_a-tzlock.o)
                              C:/Users/rober/.pico-sdk/toolchain/13_2_Rel1/bin/../lib/gcc/arm-none-eabi/13.2.1/thumb/v6-m/nofp\libg.a(libc_a-lcltime_r.o) (__tz_lock)
C:/Users/rober/.pico-sdk/toolchain/13_2_Rel1/bin/../lib/gcc/arm-none-eabi/13.2.1/thumb/v6-m/nofp\libg.a(libc_a-tzset.o)
                              C:/Users/rober/.pico-sdk/toolchain/13_2_Rel1/bin/../lib/gcc/arm-none-eabi/13.2.1/thumb/v6-m/nofp\libg.a(libc_a-lcltime_r.o) (_tzset_unlocked)
C:/Users/rober/.pico-sdk/toolchain/13_2_Rel1/bin/../lib/gcc/arm-none-eabi/13.2.1/thumb/v6-m/nofp\libg.a(libc_a-tzset_r.o)
[...]
Memory Configuration

Name             Origin             Length             Attributes
FLASH            0x10000000         0x00200000         xr
RAM              0x20000000         0x00040000         xrw
SCRATCH_X        0x20040000         0x00001000         xrw
SCRATCH_Y        0x20041000         0x00001000         xrw
*default*        0x00000000         0xffffffff

Linker script and memory map

LOAD C:/Users/rober/.pico-sdk/toolchain/13_2_Rel1/bin/../lib/gcc/arm-none-eabi/13.2.1/thumb/v6-m/nofp/crti.o
LOAD C:/Users/rober/.pico-sdk/toolchain/13_2_Rel1/bin/../lib/gcc/arm-none-eabi/13.2.1/thumb/v6-m/nofp/crtbegin.o
LOAD C:/Users/rober/.pico-sdk/toolchain/13_2_Rel1/bin/../lib/gcc/arm-none-eabi/13.2.1/thumb/v6-m/nofp/crt0.o

.flash_begin    0x10000000        0x0
                0x10000000                        __flash_binary_start = .

.boot2          0x10000000      0x100
                0x10000000                        __boot2_start__ = .
 *(.boot2)
 .boot2         0x10000000      0x100 C:\Users\rober\AppData\Local\Temp\ccY51nGq.o
                0x10000100                        __boot2_end__ = .
                0x00000001                        ASSERT (((__boot2_end__ - __boot2_start__) == 0x100), ERROR: Pico second stage bootloader must be 256 bytes in size)

.text           0x10000100     0xa504
                0x10000100                        __logical_binary_start = .
 *(.vectors)
 .vectors       0x10000100       0xd4 CMakeFiles/pico_prj.dir/C_/Users/rober/.pico-sdk/sdk/2.0.0/src/rp2_common/pico_crt0/crt0.S.obj
                0x10000100                __VECTOR_TABLE
                0x10000100                __vectors
                0x100001c0                isr_invalid
                0x100001c0                __default_isrs_start
                0x100001c2                isr_nmi
                0x100001c4                isr_hardfault
                0x100001c6                isr_svcall
                0x100001c8                isr_pendsv
                0x100001ca                isr_systick
                0x100001cc                isr_irq23
                0x100001cc                isr_irq18
                0x100001cc                isr_irq11
                0x100001cc                isr_irq28
                0x100001cc                isr_irq19
                0x100001cc                isr_irq0
                0x100001cc                isr_irq6
                0x100001cc                isr_irq5
                0x100001cc                isr_irq12
                0x100001cc                isr_irq22
                0x100001cc                isr_irq31
                0x100001cc                isr_irq17
                0x100001cc                isr_irq27
                0x100001cc                isr_irq30
                0x100001cc                isr_irq2
                0x100001cc                isr_irq10
                0x100001cc                isr_irq8
                0x100001cc                isr_irq24
                0x100001cc                isr_irq1
                0x100001cc                isr_irq7
                0x100001cc                isr_irq21
                0x100001cc                isr_irq20
                0x100001cc                isr_irq15
                0x100001cc                isr_irq25
                0x100001cc                isr_irq13
                0x100001cc                __unhandled_user_irq
                0x100001cc                isr_irq4
                0x100001cc                isr_irq16
                0x100001cc                isr_irq29
                0x100001cc                isr_irq26
                0x100001cc                __default_isrs_end
                0x100001cc                isr_irq3
                0x100001cc                isr_irq14
                0x100001cc                isr_irq9
                0x100001d2                unhandled_user_irq_num_in_r0
 *(.binary_info_header)
 .binary_info_header
                0x100001d4       0x14 CMakeFiles/pico_prj.dir/C_/Users/rober/.pico-sdk/sdk/2.0.0/src/rp2_common/pico_crt0/crt0.S.obj
                0x100001e8                        __binary_info_header_end = .
 *(.embedded_block)
                0x100001e8                        __embedded_block_end = .
 *(.reset)
 .reset         0x100001e8       0x9c CMakeFiles/pico_prj.dir/C_/Users/rober/.pico-sdk/sdk/2.0.0/src/rp2_common/pico_crt0/crt0.S.obj
                0x100001e8                _entry_point
 *(.init)
 .init          0x10000284        0x4 C:/Users/rober/.pico-sdk/toolchain/13_2_Rel1/bin/../lib/gcc/arm-none-eabi/13.2.1/thumb/v6-m/nofp/crti.o
                0x10000284                _init
 *(EXCLUDE_FILE(*libm.a: *libc.a:*lib_a-mem*.o *libgcc.a:) .text*)
 .text.register_tm_clones
                0x10000288       0x28 C:/Users/rober/.pico-sdk/toolchain/13_2_Rel1/bin/../lib/gcc/arm-none-eabi/13.2.1/thumb/v6-m/nofp/crtbegin.o
 .text.frame_dummy
                0x100002b0       0x24 C:/Users/rober/.pico-sdk/toolchain/13_2_Rel1/bin/../lib/gcc/arm-none-eabi/13.2.1/thumb/v6-m/nofp/crtbegin.o
 .text.startup.main
                0x100002d4      0x124 CMakeFiles/pico_prj.dir/pico_prj.cpp.obj
                0x100002d4                main
 .text.gpio_set_function
                0x100003f8       0x34 CMakeFiles/pico_prj.dir/C_/Users/rober/.pico-sdk/sdk/2.0.0/src/rp2_common/hardware_gpio/gpio.c.obj
                0x100003f8                gpio_set_function
 .text.gpio_set_pulls
                0x1000042c       0x28 CMakeFiles/pico_prj.dir/C_/Users/rober/.pico-sdk/sdk/2.0.0/src/rp2_common/hardware_gpio/gpio.c.obj
                0x1000042c                gpio_set_pulls
 .text.gpio_set_input_hysteresis_enabled
                0x10000454       0x28 CMakeFiles/pico_prj.dir/C_/Users/rober/.pico-sdk/sdk/2.0.0/src/rp2_common/hardware_gpio/gpio.c.obj
                0x10000454                gpio_set_input_hysteresis_enabled
 .text.gpio_set_irq_enabled
                0x1000047c       0x58 CMakeFiles/pico_prj.dir/C_/Users/rober/.pico-sdk/sdk/2.0.0/src/rp2_common/hardware_gpio/gpio.c.obj
                0x1000047c                gpio_set_irq_enabled
 .text.gpio_add_raw_irq_handler_with_order_priority_masked
                0x100004d4       0x44 CMakeFiles/pico_prj.dir/C_/Users/rober/.pico-sdk/sdk/2.0.0/src/rp2_common/hardware_gpio/gpio.c.obj
                0x100004d4                gpio_add_raw_irq_handler_with_order_priority_masked
 .text.gpio_remove_raw_irq_handler_masked
                0x10000518       0x20 CMakeFiles/pico_prj.dir/C_/Users/rober/.pico-sdk/sdk/2.0.0/src/rp2_common/hardware_gpio/gpio.c.obj
                0x10000518                gpio_remove_raw_irq_handler_masked
 .text.gpio_init
                0x10000538       0x40 CMakeFiles/pico_prj.dir/C_/Users/rober/.pico-sdk/sdk/2.0.0/src/rp2_common/hardware_gpio/gpio.c.obj
                0x10000538                gpio_init
 .text.rp2040_chip_version
                0x10000578        0xc CMakeFiles/pico_prj.dir/C_/Users/rober/.pico-sdk/sdk/2.0.0/src/rp2040/pico_platform/platform.c.obj
                0x10000578                rp2040_chip_version
 .text.panic    0x10000584       0x30 CMakeFiles/pico_prj.dir/C_/Users/rober/.pico-sdk/sdk/2.0.0/src/rp2_common/pico_platform_panic/panic.c.obj
                0x10000584                panic
 .text.hw_claim_lock
                0x100005b4       0x18 CMakeFiles/pico_prj.dir/C_/Users/rober/.pico-sdk/sdk/2.0.0/src/common/hardware_claim/claim.c.obj
                0x100005b4                hw_claim_lock
 .text.hw_claim_unlock
                0x100005cc       0x14 CMakeFiles/pico_prj.dir/C_/Users/rober/.pico-sdk/sdk/2.0.0/src/common/hardware_claim/claim.c.obj
                0x100005cc                hw_claim_unlock
 .text.hw_claim_or_assert
                0x100005e0       0x44 CMakeFiles/pico_prj.dir/C_/Users/rober/.pico-sdk/sdk/2.0.0/src/common/hardware_claim/claim.c.obj
                0x100005e0                hw_claim_or_assert
 .text.hw_claim_unused_from_range
                0x10000624       0x9c CMakeFiles/pico_prj.dir/C_/Users/rober/.pico-sdk/sdk/2.0.0/src/common/hardware_claim/claim.c.obj
                0x10000624                hw_claim_unused_from_range
 .text.hw_claim_clear
                0x100006c0       0x38 CMakeFiles/pico_prj.dir/C_/Users/rober/.pico-sdk/sdk/2.0.0/src/common/hardware_claim/claim.c.obj
                0x100006c0                hw_claim_clear
 .text.next_striped_spin_lock_num
                0x100006f8       0x18 CMakeFiles/pico_prj.dir/C_/Users/rober/.pico-sdk/sdk/2.0.0/src/rp2_common/hardware_sync/sync.c.obj
                0x100006f8                next_striped_spin_lock_num
 .text.spin_lock_claim_unused
                0x10000710       0x24 CMakeFiles/pico_prj.dir/C_/Users/rober/.pico-sdk/sdk/2.0.0/src/rp2_common/hardware_sync/sync.c.obj
                0x10000710                spin_lock_claim_unused
 .text.spin_locks_reset
                0x10000734       0x1c CMakeFiles/pico_prj.dir/C_/Users/rober/.pico-sdk/sdk/2.0.0/src/rp2_common/hardware_sync_spin_lock/sync_spin_lock.c.obj
                0x10000734                spin_locks_reset
 .text.runtime_init_per_core_irq_priorities
                0x10000750       0x24 CMakeFiles/pico_prj.dir/C_/Users/rober/.pico-sdk/sdk/2.0.0/src/rp2_common/hardware_irq/irq.c.obj
                0x10000750                runtime_init_per_core_irq_priorities
 .text.irq_set_enabled
                0x10000774       0x24 CMakeFiles/pico_prj.dir/C_/Users/rober/.pico-sdk/sdk/2.0.0/src/rp2_common/hardware_irq/irq.c.obj
                0x10000774                irq_set_enabled
 .text.irq_is_enabled
                0x10000798       0x18 CMakeFiles/pico_prj.dir/C_/Users/rober/.pico-sdk/sdk/2.0.0/src/rp2_common/hardware_irq/irq.c.obj
                0x10000798                irq_is_enabled
 .text.irq_set_pending
                0x100007b0       0x10 CMakeFiles/pico_prj.dir/C_/Users/rober/.pico-sdk/sdk/2.0.0/src/rp2_common/hardware_irq/irq.c.obj
                0x100007b0                irq_set_pending
 .text.irq_has_shared_handler
                0x100007c0       0x2c CMakeFiles/pico_prj.dir/C_/Users/rober/.pico-sdk/sdk/2.0.0/src/rp2_common/hardware_irq/irq.c.obj
                0x100007c0                irq_has_shared_handler
 .text.irq_set_exclusive_handler
                0x100007ec       0x54 CMakeFiles/pico_prj.dir/C_/Users/rober/.pico-sdk/sdk/2.0.0/src/rp2_common/hardware_irq/irq.c.obj
                0x100007ec                irq_set_exclusive_handler
 .text.irq_add_shared_handler
                0x10000840      0x1f4 CMakeFiles/pico_prj.dir/C_/Users/rober/.pico-sdk/sdk/2.0.0/src/rp2_common/hardware_irq/irq.c.obj
                0x10000840                irq_add_shared_handler
 .text.irq_remove_handler
                0x10000a34      0x1d4 CMakeFiles/pico_prj.dir/C_/Users/rober/.pico-sdk/sdk/2.0.0/src/rp2_common/hardware_irq/irq.c.obj
                0x10000a34                irq_remove_handler
 .text.irq_set_priority
                0x10000c08       0x28 CMakeFiles/pico_prj.dir/C_/Users/rober/.pico-sdk/sdk/2.0.0/src/rp2_common/hardware_irq/irq.c.obj
                0x10000c08                irq_set_priority
 .text.irq_add_tail_to_free_list
                0x10000c30       0xb4 CMakeFiles/pico_prj.dir/C_/Users/rober/.pico-sdk/sdk/2.0.0/src/rp2_common/hardware_irq/irq.c.obj
                0x10000c30                irq_add_tail_to_free_list
 .text.user_irq_unclaim
                0x10000ce4       0x14 CMakeFiles/pico_prj.dir/C_/Users/rober/.pico-sdk/sdk/2.0.0/src/rp2_common/hardware_irq/irq.c.obj
                0x10000ce4                user_irq_unclaim
 .text.user_irq_claim_unused
                0x10000cf8       0x2c CMakeFiles/pico_prj.dir/C_/Users/rober/.pico-sdk/sdk/2.0.0/src/rp2_common/hardware_irq/irq.c.obj
                0x10000cf8                user_irq_claim_unused
 .text.sem_init
                0x10000d24       0x20 CMakeFiles/pico_prj.dir/C_/Users/rober/.pico-sdk/sdk/2.0.0/src/common/pico_sync/sem.c.obj
                0x10000d24                sem_init
 .text.lock_init
                0x10000d44       0x10 CMakeFiles/pico_prj.dir/C_/Users/rober/.pico-sdk/sdk/2.0.0/src/common/pico_sync/lock_core.c.obj
                0x10000d44                lock_init
 .text.runtime_init_mutex
                0x10000d54       0x50 CMakeFiles/pico_prj.dir/C_/Users/rober/.pico-sdk/sdk/2.0.0/src/common/pico_sync/mutex.c.obj
                0x10000d54                runtime_init_mutex
 .text.mutex_init
                0x10000da4       0x1c CMakeFiles/pico_prj.dir/C_/Users/rober/.pico-sdk/sdk/2.0.0/src/common/pico_sync/mutex.c.obj
                0x10000da4                mutex_init
 .text.recursive_mutex_init
                0x10000dc0       0x1c CMakeFiles/pico_prj.dir/C_/Users/rober/.pico-sdk/sdk/2.0.0/src/common/pico_sync/mutex.c.obj
                0x10000dc0                recursive_mutex_init
 .text.critical_section_init
                0x10000ddc       0x1c CMakeFiles/pico_prj.dir/C_/Users/rober/.pico-sdk/sdk/2.0.0/src/common/pico_sync/critical_section.c.obj
                0x10000ddc                critical_section_init
 .text.critical_section_init_with_lock_num
                0x10000df8       0x14 CMakeFiles/pico_prj.dir/C_/Users/rober/.pico-sdk/sdk/2.0.0/src/common/pico_sync/critical_section.c.obj
                0x10000df8                critical_section_init_with_lock_num
 .text.sleep_until_callback
                0x10000e0c       0x30 CMakeFiles/pico_prj.dir/C_/Users/rober/.pico-sdk/sdk/2.0.0/src/common/pico_time/time.c.obj
 .text.alarm_pool_irq_handler
                0x10000e3c      0x2e4 CMakeFiles/pico_prj.dir/C_/Users/rober/.pico-sdk/sdk/2.0.0/src/common/pico_time/time.c.obj
 .text.runtime_init_default_alarm_pool
                0x10001120       0xdc CMakeFiles/pico_prj.dir/C_/Users/rober/.pico-sdk/sdk/2.0.0/src/common/pico_time/time.c.obj
                0x10001120                runtime_init_default_alarm_pool
 .text.alarm_pool_get_default
                0x100011fc        0x8 CMakeFiles/pico_prj.dir/C_/Users/rober/.pico-sdk/sdk/2.0.0/src/common/pico_time/time.c.obj
                0x100011fc                alarm_pool_get_default
 .text.alarm_pool_add_alarm_at
                0x10001204       0xd4 CMakeFiles/pico_prj.dir/C_/Users/rober/.pico-sdk/sdk/2.0.0/src/common/pico_time/time.c.obj
                0x10001204                alarm_pool_add_alarm_at
 .text.alarm_pool_add_alarm_at_force_in_context
                0x100012d8       0xb0 CMakeFiles/pico_prj.dir/C_/Users/rober/.pico-sdk/sdk/2.0.0/src/common/pico_time/time.c.obj
                0x100012d8                alarm_pool_add_alarm_at_force_in_context
 .text.alarm_pool_cancel_alarm
                0x10001388       0x74 CMakeFiles/pico_prj.dir/C_/Users/rober/.pico-sdk/sdk/2.0.0/src/common/pico_time/time.c.obj
                0x10001388                alarm_pool_cancel_alarm
 .text.alarm_pool_core_num
                0x100013fc        0x4 CMakeFiles/pico_prj.dir/C_/Users/rober/.pico-sdk/sdk/2.0.0/src/common/pico_time/time.c.obj
                0x100013fc                alarm_pool_core_num
 .text.sleep_until
                0x10001400       0xd8 CMakeFiles/pico_prj.dir/C_/Users/rober/.pico-sdk/sdk/2.0.0/src/common/pico_time/time.c.obj
                0x10001400                sleep_until
 .text.sleep_ms
                0x100014d8       0x38 CMakeFiles/pico_prj.dir/C_/Users/rober/.pico-sdk/sdk/2.0.0/src/common/pico_time/time.c.obj
                0x100014d8                sleep_ms
 .text.best_effort_wfe_or_timeout
                0x10001510      0x134 CMakeFiles/pico_prj.dir/C_/Users/rober/.pico-sdk/sdk/2.0.0/src/common/pico_time/time.c.obj
                0x10001510                best_effort_wfe_or_timeout
 .text.timer_hardware_alarm_claim
                0x10001644       0x14 CMakeFiles/pico_prj.dir/C_/Users/rober/.pico-sdk/sdk/2.0.0/src/rp2_common/hardware_timer/timer.c.obj
                0x10001644                timer_hardware_alarm_claim
 .text.timer_time_us_64
                0x10001658       0x10 CMakeFiles/pico_prj.dir/C_/Users/rober/.pico-sdk/sdk/2.0.0/src/rp2_common/hardware_timer/timer.c.obj
                0x10001658                timer_time_us_64
 .text.time_us_64
                0x10001668       0x14 CMakeFiles/pico_prj.dir/C_/Users/rober/.pico-sdk/sdk/2.0.0/src/rp2_common/hardware_timer/timer.c.obj
                0x10001668                time_us_64
 .text.busy_wait_us
                0x1000167c       0x68 CMakeFiles/pico_prj.dir/C_/Users/rober/.pico-sdk/sdk/2.0.0/src/rp2_common/hardware_timer/timer.c.obj
                0x1000167c                busy_wait_us
 .text.busy_wait_until
                0x100016e4       0x20 CMakeFiles/pico_prj.dir/C_/Users/rober/.pico-sdk/sdk/2.0.0/src/rp2_common/hardware_timer/timer.c.obj
                0x100016e4                busy_wait_until
 .text.uart_init
                0x10001704      0x120 CMakeFiles/pico_prj.dir/C_/Users/rober/.pico-sdk/sdk/2.0.0/src/rp2_common/hardware_uart/uart.c.obj
                0x10001704                uart_init
 .text.clock_configure_int_divider
                0x10001824       0xf4 CMakeFiles/pico_prj.dir/C_/Users/rober/.pico-sdk/sdk/2.0.0/src/rp2_common/hardware_clocks/clocks.c.obj
                0x10001824                clock_configure_int_divider
 .text.clock_configure_undivided
                0x10001918       0xe8 CMakeFiles/pico_prj.dir/C_/Users/rober/.pico-sdk/sdk/2.0.0/src/rp2_common/hardware_clocks/clocks.c.obj
                0x10001918                clock_configure_undivided
 .text.clock_get_hz
                0x10001a00        0xc CMakeFiles/pico_prj.dir/C_/Users/rober/.pico-sdk/sdk/2.0.0/src/rp2_common/hardware_clocks/clocks.c.obj
                0x10001a00                clock_get_hz
 .text.pll_init
                0x10001a0c       0xa4 CMakeFiles/pico_prj.dir/C_/Users/rober/.pico-sdk/sdk/2.0.0/src/rp2_common/hardware_pll/pll.c.obj
                0x10001a0c                pll_init
 .text.watchdog_reboot
                0x10001ab0       0x9c CMakeFiles/pico_prj.dir/C_/Users/rober/.pico-sdk/sdk/2.0.0/src/rp2_common/hardware_watchdog/watchdog.c.obj
                0x10001ab0                watchdog_reboot
 .text.tick_start
                0x10001b4c       0x10 CMakeFiles/pico_prj.dir/C_/Users/rober/.pico-sdk/sdk/2.0.0/src/rp2_common/hardware_ticks/ticks.c.obj
                0x10001b4c                tick_start
 .text.xosc_init
                0x10001b5c       0x28 CMakeFiles/pico_prj.dir/C_/Users/rober/.pico-sdk/sdk/2.0.0/src/rp2_common/hardware_xosc/xosc.c.obj
                0x10001b5c                xosc_init
 .text.first_per_core_initializer
                0x10001b84        0x4 CMakeFiles/pico_prj.dir/C_/Users/rober/.pico-sdk/sdk/2.0.0/src/rp2_common/pico_runtime/runtime.c.obj
 .text.hard_assertion_failure
                0x10001b88        0xc CMakeFiles/pico_prj.dir/C_/Users/rober/.pico-sdk/sdk/2.0.0/src/rp2_common/pico_runtime/runtime.c.obj
                0x10001b88                hard_assertion_failure
 .text.runtime_run_initializers
                0x10001b94       0x28 CMakeFiles/pico_prj.dir/C_/Users/rober/.pico-sdk/sdk/2.0.0/src/rp2_common/pico_runtime/runtime.c.obj
                0x10001b94                runtime_run_initializers
 .text.runtime_init_early_resets
                0x10001bbc       0x2c CMakeFiles/pico_prj.dir/C_/Users/rober/.pico-sdk/sdk/2.0.0/src/rp2_common/pico_runtime_init/runtime_init.c.obj
                0x10001bbc                runtime_init_early_resets
 .text.runtime_init_usb_power_down
                0x10001be8       0x1c CMakeFiles/pico_prj.dir/C_/Users/rober/.pico-sdk/sdk/2.0.0/src/rp2_common/pico_runtime_init/runtime_init.c.obj
                0x10001be8                runtime_init_usb_power_down
 .text.runtime_init_post_clock_resets
                0x10001c04       0x20 CMakeFiles/pico_prj.dir/C_/Users/rober/.pico-sdk/sdk/2.0.0/src/rp2_common/pico_runtime_init/runtime_init.c.obj
                0x10001c04                runtime_init_post_clock_resets
 .text.runtime_init_rp2040_gpio_ie_disable
                0x10001c24       0x14 CMakeFiles/pico_prj.dir/C_/Users/rober/.pico-sdk/sdk/2.0.0/src/rp2_common/pico_runtime_init/runtime_init.c.obj
                0x10001c24                runtime_init_rp2040_gpio_ie_disable
 .text.runtime_init_spin_locks_reset
                0x10001c38        0x8 CMakeFiles/pico_prj.dir/C_/Users/rober/.pico-sdk/sdk/2.0.0/src/rp2_common/pico_runtime_init/runtime_init.c.obj
                0x10001c38                runtime_init_spin_locks_reset
 .text.runtime_init_install_ram_vector_table
                0x10001c40       0x1c CMakeFiles/pico_prj.dir/C_/Users/rober/.pico-sdk/sdk/2.0.0/src/rp2_common/pico_runtime_init/runtime_init.c.obj
                0x10001c40                runtime_init_install_ram_vector_table
 .text.runtime_init_clocks
                0x10001c5c       0xd8 CMakeFiles/pico_prj.dir/C_/Users/rober/.pico-sdk/sdk/2.0.0/src/rp2_common/pico_runtime_init/runtime_init_clocks.c.obj
                0x10001c5c                runtime_init_clocks
 .text          0x10001d34       0x10 CMakeFiles/pico_prj.dir/C_/Users/rober/.pico-sdk/sdk/2.0.0/src/rp2_common/pico_bit_ops/bit_ops_aeabi.S.obj
 .text.ctzsi    0x10001d44        0xc CMakeFiles/pico_prj.dir/C_/Users/rober/.pico-sdk/sdk/2.0.0/src/rp2_common/pico_bit_ops/bit_ops_aeabi.S.obj
                0x10001d44                __wrap___ctzsi2
 .text.rom_func_lookup
                0x10001d50       0x10 CMakeFiles/pico_prj.dir/C_/Users/rober/.pico-sdk/sdk/2.0.0/src/rp2_common/pico_bootrom/bootrom.c.obj
                0x10001d50                rom_func_lookup
 .text.rom_data_lookup
                0x10001d60       0x10 CMakeFiles/pico_prj.dir/C_/Users/rober/.pico-sdk/sdk/2.0.0/src/rp2_common/pico_bootrom/bootrom.c.obj
                0x10001d60                rom_data_lookup
 .text.rom_funcs_lookup
                0x10001d70       0x44 CMakeFiles/pico_prj.dir/C_/Users/rober/.pico-sdk/sdk/2.0.0/src/rp2_common/pico_bootrom/bootrom.c.obj
                0x10001d70                rom_funcs_lookup
 .text.rom_reset_usb_boot
                0x10001db4       0x20 CMakeFiles/pico_prj.dir/C_/Users/rober/.pico-sdk/sdk/2.0.0/src/rp2_common/pico_bootrom/bootrom.c.obj
                0x10001db4                rom_reset_usb_boot
 .text.__wrap___aeabi_idiv
                0x10001dd4       0x50 CMakeFiles/pico_prj.dir/C_/Users/rober/.pico-sdk/sdk/2.0.0/src/rp2_common/pico_divider/divider_hardware.S.obj
                0x10001dd4                __wrap___aeabi_idivmod
                0x10001dd4                divmod_s32s32
                0x10001dd4                div_s32s32
                0x10001dd4                __wrap___aeabi_idiv
                0x10001ddc                divmod_s32s32_unsafe
                0x10001e08                divmod_s32s32_savestate
 .text.__wrap___aeabi_uidiv
                0x10001e24       0x4c CMakeFiles/pico_prj.dir/C_/Users/rober/.pico-sdk/sdk/2.0.0/src/rp2_common/pico_divider/divider_hardware.S.obj
                0x10001e24                __wrap___aeabi_uidiv
                0x10001e24                __wrap___aeabi_uidivmod
                0x10001e24                div_u32u32
                0x10001e24                divmod_u32u32
                0x10001e2c                divmod_u32u32_unsafe
                0x10001e54                divmod_u32u32_savestate
 .text.__wrap___aeabi_ldiv
                0x10001e70      0x424 CMakeFiles/pico_prj.dir/C_/Users/rober/.pico-sdk/sdk/2.0.0/src/rp2_common/pico_divider/divider_hardware.S.obj
                0x10001e70                div_s64s64
                0x10001e70                divmod_s64s64
                0x10001e70                __wrap___aeabi_ldivmod
                0x10001ea0                divmod_u64u64
                0x10001ea0                div_u64u64
                0x10001ea0                __wrap___aeabi_uldivmod
                0x10001eb0                divmod_u64u64_savestate
                0x10001ed0                divmod_s64s64_unsafe
                0x10001f58                divmod_u64u64_unsafe
 .text.__wrap___aeabi_darithmetic
                0x10002294       0x60 CMakeFiles/pico_prj.dir/C_/Users/rober/.pico-sdk/sdk/2.0.0/src/rp2_common/pico_double/double_aeabi_rp2040.S.obj
                0x10002294                __wrap___aeabi_drsub
                0x1000229a                __wrap___aeabi_dsub
                0x100022a4                __wrap___aeabi_dadd
                0x100022ae                __wrap___aeabi_ddiv
                0x100022e2                __wrap___aeabi_dmul
 .text.__wrap___aeabi_cdcmple
                0x100022f4       0x6c CMakeFiles/pico_prj.dir/C_/Users/rober/.pico-sdk/sdk/2.0.0/src/rp2_common/pico_double/double_aeabi_rp2040.S.obj
                0x100022f4                __wrap___aeabi_cdrcmple
                0x10002304                __wrap___aeabi_cdcmpeq
                0x10002304                __wrap___aeabi_cdcmple
 .text.__wrap___aeabi_dcmplt
                0x10002360        0xc CMakeFiles/pico_prj.dir/C_/Users/rober/.pico-sdk/sdk/2.0.0/src/rp2_common/pico_double/double_aeabi_rp2040.S.obj
                0x10002360                __wrap___aeabi_dcmplt
 .text.__wrap___aeabi_dcmpge
                0x1000236c       0x10 CMakeFiles/pico_prj.dir/C_/Users/rober/.pico-sdk/sdk/2.0.0/src/rp2_common/pico_double/double_aeabi_rp2040.S.obj
                0x1000236c                __wrap___aeabi_dcmpge
 .text.__wrap___aeabi_dcmpgt
                0x1000237c        0xa CMakeFiles/pico_prj.dir/C_/Users/rober/.pico-sdk/sdk/2.0.0/src/rp2_common/pico_double/double_aeabi_rp2040.S.obj
                0x1000237c                __wrap___aeabi_dcmpgt
 .text.__wrap___aeabi_dcmpun
                0x10002386       0x18 CMakeFiles/pico_prj.dir/C_/Users/rober/.pico-sdk/sdk/2.0.0/src/rp2_common/pico_double/double_aeabi_rp2040.S.obj
                0x10002386                __wrap___aeabi_dcmpun
 *fill*         0x1000239e        0x2 
 .text.__wrap___aeabi_i2d
                0x100023a0       0x38 CMakeFiles/pico_prj.dir/C_/Users/rober/.pico-sdk/sdk/2.0.0/src/rp2_common/pico_double/double_aeabi_rp2040.S.obj
                0x100023a0                __wrap___aeabi_ui2d
                0x100023a8                __wrap___aeabi_i2d
 .text.__wrap___aeabi_d2iz
                0x100023d8       0x48 CMakeFiles/pico_prj.dir/C_/Users/rober/.pico-sdk/sdk/2.0.0/src/rp2_common/pico_double/double_aeabi_rp2040.S.obj
                0x100023d8                double2int_z
                0x100023d8                __wrap___aeabi_d2iz
 .text.__wrap___aeabi_d2uiz
                0x10002420       0x10 CMakeFiles/pico_prj.dir/C_/Users/rober/.pico-sdk/sdk/2.0.0/src/rp2_common/pico_double/double_aeabi_rp2040.S.obj
                0x10002420                __wrap___aeabi_d2uiz
                0x10002420                double2uint
 .text.missing_double_func_shim
                0x10002430        0xc CMakeFiles/pico_prj.dir/C_/Users/rober/.pico-sdk/sdk/2.0.0/src/rp2_common/pico_double/double_init_rom_rp2040.c.obj
 .text.__aeabi_double_init
                0x1000243c       0xa0 CMakeFiles/pico_prj.dir/C_/Users/rober/.pico-sdk/sdk/2.0.0/src/rp2_common/pico_double/double_init_rom_rp2040.c.obj
                0x1000243c                __aeabi_double_init
 .text.double_table_shim_on_use_helper
                0x100024dc       0x2c CMakeFiles/pico_prj.dir/C_/Users/rober/.pico-sdk/sdk/2.0.0/src/rp2_common/pico_double/double_v1_rom_shim_rp2040.S.obj
                0x100024dc                double_table_shim_on_use_helper
 .text.__aeabi_lmul
                0x10002508       0x32 CMakeFiles/pico_prj.dir/C_/Users/rober/.pico-sdk/sdk/2.0.0/src/rp2_common/pico_int64_ops/pico_int64_ops_aeabi.S.obj
                0x10002508                __wrap___aeabi_lmul
 *fill*         0x1000253a        0x2 
 .text.missing_float_func_shim
                0x1000253c        0xc CMakeFiles/pico_prj.dir/C_/Users/rober/.pico-sdk/sdk/2.0.0/src/rp2_common/pico_float/float_init_rom_rp2040.c.obj
 .text.__aeabi_float_init
                0x10002548       0x5c CMakeFiles/pico_prj.dir/C_/Users/rober/.pico-sdk/sdk/2.0.0/src/rp2_common/pico_float/float_init_rom_rp2040.c.obj
                0x10002548                __aeabi_float_init
 .text          0x100025a4       0x10 CMakeFiles/pico_prj.dir/C_/Users/rober/.pico-sdk/sdk/2.0.0/src/rp2_common/pico_mem_ops/mem_ops_aeabi.S.obj
                0x100025a4                __aeabi_mem_init
 .text.memset   0x100025b4        0xc CMakeFiles/pico_prj.dir/C_/Users/rober/.pico-sdk/sdk/2.0.0/src/rp2_common/pico_mem_ops/mem_ops_aeabi.S.obj
                0x100025b4                __wrap_memset
 .text.memcpy   0x100025c0        0xc CMakeFiles/pico_prj.dir/C_/Users/rober/.pico-sdk/sdk/2.0.0/src/rp2_common/pico_mem_ops/mem_ops_aeabi.S.obj
                0x100025c0                __wrap_memcpy
                0x100025c0                __wrap___aeabi_memcpy
 .text._out_null
                0x100025cc        0x4 CMakeFiles/pico_prj.dir/C_/Users/rober/.pico-sdk/sdk/2.0.0/src/rp2_common/pico_printf/printf.c.obj
 .text._out_rev
                0x100025d0       0xac CMakeFiles/pico_prj.dir/C_/Users/rober/.pico-sdk/sdk/2.0.0/src/rp2_common/pico_printf/printf.c.obj
 .text._ntoa_format
                0x1000267c      0x250 CMakeFiles/pico_prj.dir/C_/Users/rober/.pico-sdk/sdk/2.0.0/src/rp2_common/pico_printf/printf.c.obj
 .text._out_char
                0x100028cc       0x10 CMakeFiles/pico_prj.dir/C_/Users/rober/.pico-sdk/sdk/2.0.0/src/rp2_common/pico_printf/printf.c.obj
 .text._out_fct
                0x100028dc       0x10 CMakeFiles/pico_prj.dir/C_/Users/rober/.pico-sdk/sdk/2.0.0/src/rp2_common/pico_printf/printf.c.obj
 .text._etoa    0x100028ec      0x464 CMakeFiles/pico_prj.dir/C_/Users/rober/.pico-sdk/sdk/2.0.0/src/rp2_common/pico_printf/printf.c.obj
 .text._ftoa    0x10002d50      0x3c0 CMakeFiles/pico_prj.dir/C_/Users/rober/.pico-sdk/sdk/2.0.0/src/rp2_common/pico_printf/printf.c.obj
 .text._vsnprintf
                0x10003110      0xbc8 CMakeFiles/pico_prj.dir/C_/Users/rober/.pico-sdk/sdk/2.0.0/src/rp2_common/pico_printf/printf.c.obj
 .text.vfctprintf
                0x10003cd8       0x20 CMakeFiles/pico_prj.dir/C_/Users/rober/.pico-sdk/sdk/2.0.0/src/rp2_common/pico_printf/printf.c.obj
                0x10003cd8                vfctprintf
 .text.weak_raw_vprintf
                0x10003cf8       0x30 CMakeFiles/pico_prj.dir/C_/Users/rober/.pico-sdk/sdk/2.0.0/src/rp2_common/pico_printf/printf.c.obj
                0x10003cf8                weak_raw_vprintf
 .text._exit    0x10003d28        0x4 CMakeFiles/pico_prj.dir/C_/Users/rober/.pico-sdk/sdk/2.0.0/src/rp2_common/pico_clib_interface/newlib_interface.c.obj
                0x10003d28                _exit
 .text.exit     0x10003d2c        0x8 CMakeFiles/pico_prj.dir/C_/Users/rober/.pico-sdk/sdk/2.0.0/src/rp2_common/pico_clib_interface/newlib_interface.c.obj
                0x10003d2c                exit
 .text.runtime_init
                0x10003d34       0x2c CMakeFiles/pico_prj.dir/C_/Users/rober/.pico-sdk/sdk/2.0.0/src/rp2_common/pico_clib_interface/newlib_interface.c.obj
                0x10003d34                runtime_init
 .text.stdio_out_chars_no_crlf
                0x10003d60       0x10 CMakeFiles/pico_prj.dir/C_/Users/rober/.pico-sdk/sdk/2.0.0/src/rp2_common/pico_stdio/stdio.c.obj
 .text.stdio_out_chars_crlf
                0x10003d70       0x94 CMakeFiles/pico_prj.dir/C_/Users/rober/.pico-sdk/sdk/2.0.0/src/rp2_common/pico_stdio/stdio.c.obj
 .text.stdio_buffered_printer
                0x10003e04       0x64 CMakeFiles/pico_prj.dir/C_/Users/rober/.pico-sdk/sdk/2.0.0/src/rp2_common/pico_stdio/stdio.c.obj
 .text.stdio_put_string
                0x10003e68      0x100 CMakeFiles/pico_prj.dir/C_/Users/rober/.pico-sdk/sdk/2.0.0/src/rp2_common/pico_stdio/stdio.c.obj
                0x10003e68                stdio_put_string
 .text.stdio_set_driver_enabled
                0x10003f68       0x30 CMakeFiles/pico_prj.dir/C_/Users/rober/.pico-sdk/sdk/2.0.0/src/rp2_common/pico_stdio/stdio.c.obj
                0x10003f68                stdio_set_driver_enabled
 .text.stdio_init_all
                0x10003f98        0x8 CMakeFiles/pico_prj.dir/C_/Users/rober/.pico-sdk/sdk/2.0.0/src/rp2_common/pico_stdio/stdio.c.obj
                0x10003f98                stdio_init_all
 .text.__wrap_putchar
                0x10003fa0       0x98 CMakeFiles/pico_prj.dir/C_/Users/rober/.pico-sdk/sdk/2.0.0/src/rp2_common/pico_stdio/stdio.c.obj
                0x10003fa0                __wrap_putchar
                0x10003fa0                stdio_putchar
 .text.__wrap_puts
                0x10004038       0x3c CMakeFiles/pico_prj.dir/C_/Users/rober/.pico-sdk/sdk/2.0.0/src/rp2_common/pico_stdio/stdio.c.obj
                0x10004038                stdio_puts
                0x10004038                __wrap_puts
 .text.__wrap_vprintf
                0x10004074       0xd4 CMakeFiles/pico_prj.dir/C_/Users/rober/.pico-sdk/sdk/2.0.0/src/rp2_common/pico_stdio/stdio.c.obj
                0x10004074                stdio_vprintf
                0x10004074                __wrap_vprintf
 .text.__wrap_printf
                0x10004148       0x18 CMakeFiles/pico_prj.dir/C_/Users/rober/.pico-sdk/sdk/2.0.0/src/rp2_common/pico_stdio/stdio.c.obj
                0x10004148                __wrap_printf
                0x10004148                stdio_printf
 .text.resetd_init
                0x10004160        0x4 CMakeFiles/pico_prj.dir/C_/Users/rober/.pico-sdk/sdk/2.0.0/src/rp2_common/pico_stdio_usb/reset_interface.c.obj
 .text.resetd_reset
                0x10004164        0xc CMakeFiles/pico_prj.dir/C_/Users/rober/.pico-sdk/sdk/2.0.0/src/rp2_common/pico_stdio_usb/reset_interface.c.obj
 .text.resetd_open
                0x10004170       0x28 CMakeFiles/pico_prj.dir/C_/Users/rober/.pico-sdk/sdk/2.0.0/src/rp2_common/pico_stdio_usb/reset_interface.c.obj
 .text.resetd_xfer_cb
                0x10004198        0x4 CMakeFiles/pico_prj.dir/C_/Users/rober/.pico-sdk/sdk/2.0.0/src/rp2_common/pico_stdio_usb/reset_interface.c.obj
 .text.resetd_control_xfer_cb
                0x1000419c       0x54 CMakeFiles/pico_prj.dir/C_/Users/rober/.pico-sdk/sdk/2.0.0/src/rp2_common/pico_stdio_usb/reset_interface.c.obj
 .text.tud_descriptor_bos_cb
                0x100041f0        0x8 CMakeFiles/pico_prj.dir/C_/Users/rober/.pico-sdk/sdk/2.0.0/src/rp2_common/pico_stdio_usb/reset_interface.c.obj
                0x100041f0                tud_descriptor_bos_cb
 .text.tud_vendor_control_xfer_cb
                0x100041f8       0x34 CMakeFiles/pico_prj.dir/C_/Users/rober/.pico-sdk/sdk/2.0.0/src/rp2_common/pico_stdio_usb/reset_interface.c.obj
                0x100041f8                tud_vendor_control_xfer_cb
 .text.usbd_app_driver_get_cb
                0x1000422c        0xc CMakeFiles/pico_prj.dir/C_/Users/rober/.pico-sdk/sdk/2.0.0/src/rp2_common/pico_stdio_usb/reset_interface.c.obj
                0x1000422c                usbd_app_driver_get_cb
 .text.tud_cdc_line_coding_cb
                0x10004238       0x28 CMakeFiles/pico_prj.dir/C_/Users/rober/.pico-sdk/sdk/2.0.0/src/rp2_common/pico_stdio_usb/reset_interface.c.obj
                0x10004238                tud_cdc_line_coding_cb
 .text.stdio_usb_set_chars_available_callback
                0x10004260       0x14 CMakeFiles/pico_prj.dir/C_/Users/rober/.pico-sdk/sdk/2.0.0/src/rp2_common/pico_stdio_usb/stdio_usb.c.obj
                0x10004260                stdio_usb_set_chars_available_callback
 .text.usb_irq  0x10004274       0x10 CMakeFiles/pico_prj.dir/C_/Users/rober/.pico-sdk/sdk/2.0.0/src/rp2_common/pico_stdio_usb/stdio_usb.c.obj
 .text.timer_task
                0x10004284       0x64 CMakeFiles/pico_prj.dir/C_/Users/rober/.pico-sdk/sdk/2.0.0/src/rp2_common/pico_stdio_usb/stdio_usb.c.obj
 .text.stdio_usb_in_chars
                0x100042e8       0x90 CMakeFiles/pico_prj.dir/C_/Users/rober/.pico-sdk/sdk/2.0.0/src/rp2_common/pico_stdio_usb/stdio_usb.c.obj
                0x100042e8                stdio_usb_in_chars
 .text.stdio_usb_out_flush
                0x10004378       0x50 CMakeFiles/pico_prj.dir/C_/Users/rober/.pico-sdk/sdk/2.0.0/src/rp2_common/pico_stdio_usb/stdio_usb.c.obj
 .text.stdio_usb_out_chars
                0x100043c8      0x104 CMakeFiles/pico_prj.dir/C_/Users/rober/.pico-sdk/sdk/2.0.0/src/rp2_common/pico_stdio_usb/stdio_usb.c.obj
 .text.low_priority_worker_irq
                0x100044cc       0xcc CMakeFiles/pico_prj.dir/C_/Users/rober/.pico-sdk/sdk/2.0.0/src/rp2_common/pico_stdio_usb/stdio_usb.c.obj
 .text.stdio_usb_init
                0x10004598       0xe8 CMakeFiles/pico_prj.dir/C_/Users/rober/.pico-sdk/sdk/2.0.0/src/rp2_common/pico_stdio_usb/stdio_usb.c.obj
                0x10004598                stdio_usb_init
 .text.tud_descriptor_device_cb
                0x10004680        0x8 CMakeFiles/pico_prj.dir/C_/Users/rober/.pico-sdk/sdk/2.0.0/src/rp2_common/pico_stdio_usb/stdio_usb_descriptors.c.obj
                0x10004680                tud_descriptor_device_cb
 .text.tud_descriptor_configuration_cb
                0x10004688        0x8 CMakeFiles/pico_prj.dir/C_/Users/rober/.pico-sdk/sdk/2.0.0/src/rp2_common/pico_stdio_usb/stdio_usb_descriptors.c.obj
                0x10004688                tud_descriptor_configuration_cb
 .text.tud_descriptor_string_cb
                0x10004690       0x78 CMakeFiles/pico_prj.dir/C_/Users/rober/.pico-sdk/sdk/2.0.0/src/rp2_common/pico_stdio_usb/stdio_usb_descriptors.c.obj
                0x10004690                tud_descriptor_string_cb
 .text.startup._retrieve_unique_id_on_boot
                0x10004708       0x10 CMakeFiles/pico_prj.dir/C_/Users/rober/.pico-sdk/sdk/2.0.0/src/rp2_common/pico_unique_id/unique_id.c.obj
 .text.pico_get_unique_board_id
                0x10004718       0x10 CMakeFiles/pico_prj.dir/C_/Users/rober/.pico-sdk/sdk/2.0.0/src/rp2_common/pico_unique_id/unique_id.c.obj
                0x10004718                pico_get_unique_board_id
 .text.pico_get_unique_board_id_string
                0x10004728      0x1a8 CMakeFiles/pico_prj.dir/C_/Users/rober/.pico-sdk/sdk/2.0.0/src/rp2_common/pico_unique_id/unique_id.c.obj
                0x10004728                pico_get_unique_board_id_string
 .text.flash_get_unique_id
                0x100048d0       0x3c CMakeFiles/pico_prj.dir/C_/Users/rober/.pico-sdk/sdk/2.0.0/src/rp2_common/hardware_flash/flash.c.obj
                0x100048d0                flash_get_unique_id
 .text.dcd_init
                0x1000490c       0x8c CMakeFiles/pico_prj.dir/C_/Users/rober/.pico-sdk/sdk/2.0.0/lib/tinyusb/src/portable/raspberrypi/rp2040/dcd_rp2040.c.obj
                0x1000490c                dcd_init
 .text.dcd_int_enable
                0x10004998        0xc CMakeFiles/pico_prj.dir/C_/Users/rober/.pico-sdk/sdk/2.0.0/lib/tinyusb/src/portable/raspberrypi/rp2040/dcd_rp2040.c.obj
                0x10004998                dcd_int_enable
 .text.dcd_set_address
                0x100049a4       0x14 CMakeFiles/pico_prj.dir/C_/Users/rober/.pico-sdk/sdk/2.0.0/lib/tinyusb/src/portable/raspberrypi/rp2040/dcd_rp2040.c.obj
                0x100049a4                dcd_set_address
 .text.dcd_sof_enable
                0x100049b8       0x1c CMakeFiles/pico_prj.dir/C_/Users/rober/.pico-sdk/sdk/2.0.0/lib/tinyusb/src/portable/raspberrypi/rp2040/dcd_rp2040.c.obj
                0x100049b8                dcd_sof_enable
 .text.dcd_edpt0_status_complete
                0x100049d4       0x1c CMakeFiles/pico_prj.dir/C_/Users/rober/.pico-sdk/sdk/2.0.0/lib/tinyusb/src/portable/raspberrypi/rp2040/dcd_rp2040.c.obj
                0x100049d4                dcd_edpt0_status_complete
 .text.dcd_edpt_open
                0x100049f0      0x108 CMakeFiles/pico_prj.dir/C_/Users/rober/.pico-sdk/sdk/2.0.0/lib/tinyusb/src/portable/raspberrypi/rp2040/dcd_rp2040.c.obj
                0x100049f0                dcd_edpt_open
 .text.dcd_edpt_close_all
                0x10004af8        0x8 CMakeFiles/pico_prj.dir/C_/Users/rober/.pico-sdk/sdk/2.0.0/lib/tinyusb/src/portable/raspberrypi/rp2040/dcd_rp2040.c.obj
                0x10004af8                dcd_edpt_close_all
 .text.dcd_edpt_xfer
                0x10004b00       0x24 CMakeFiles/pico_prj.dir/C_/Users/rober/.pico-sdk/sdk/2.0.0/lib/tinyusb/src/portable/raspberrypi/rp2040/dcd_rp2040.c.obj
                0x10004b00                dcd_edpt_xfer
 .text.dcd_edpt_stall
                0x10004b24       0x34 CMakeFiles/pico_prj.dir/C_/Users/rober/.pico-sdk/sdk/2.0.0/lib/tinyusb/src/portable/raspberrypi/rp2040/dcd_rp2040.c.obj
                0x10004b24                dcd_edpt_stall
 .text.dcd_edpt_clear_stall
                0x10004b58       0x30 CMakeFiles/pico_prj.dir/C_/Users/rober/.pico-sdk/sdk/2.0.0/lib/tinyusb/src/portable/raspberrypi/rp2040/dcd_rp2040.c.obj
                0x10004b58                dcd_edpt_clear_stall
 .text.rp2040_usb_init
                0x10004b88       0x40 CMakeFiles/pico_prj.dir/C_/Users/rober/.pico-sdk/sdk/2.0.0/lib/tinyusb/src/portable/raspberrypi/rp2040/rp2040_usb.c.obj
                0x10004b88                rp2040_usb_init
 .text.hw_endpoint_xfer_start
                0x10004bc8       0x40 CMakeFiles/pico_prj.dir/C_/Users/rober/.pico-sdk/sdk/2.0.0/lib/tinyusb/src/portable/raspberrypi/rp2040/rp2040_usb.c.obj
                0x10004bc8                hw_endpoint_xfer_start
 .text.tud_event_hook_cb
                0x10004c08        0x4 CMakeFiles/pico_prj.dir/C_/Users/rober/.pico-sdk/sdk/2.0.0/lib/tinyusb/src/device/usbd.c.obj
                0x10004c08                tud_event_hook_cb
 .text.tud_sof_cb
                0x10004c0c        0x4 CMakeFiles/pico_prj.dir/C_/Users/rober/.pico-sdk/sdk/2.0.0/lib/tinyusb/src/device/usbd.c.obj
                0x10004c0c                tud_sof_cb
 .text.tud_descriptor_device_qualifier_cb
                0x10004c10        0x4 CMakeFiles/pico_prj.dir/C_/Users/rober/.pico-sdk/sdk/2.0.0/lib/tinyusb/src/device/usbd.c.obj
                0x10004c10                tud_descriptor_device_qualifier_cb
 .text.tud_descriptor_other_speed_configuration_cb
                0x10004c14        0x4 CMakeFiles/pico_prj.dir/C_/Users/rober/.pico-sdk/sdk/2.0.0/lib/tinyusb/src/device/usbd.c.obj
                0x10004c14                tud_descriptor_other_speed_configuration_cb
 .text.tud_mount_cb
                0x10004c18        0x4 CMakeFiles/pico_prj.dir/C_/Users/rober/.pico-sdk/sdk/2.0.0/lib/tinyusb/src/device/usbd.c.obj
                0x10004c18                tud_mount_cb
 .text.tud_umount_cb
                0x10004c1c        0x4 CMakeFiles/pico_prj.dir/C_/Users/rober/.pico-sdk/sdk/2.0.0/lib/tinyusb/src/device/usbd.c.obj
                0x10004c1c                tud_umount_cb
 .text.tud_suspend_cb
                0x10004c20        0x4 CMakeFiles/pico_prj.dir/C_/Users/rober/.pico-sdk/sdk/2.0.0/lib/tinyusb/src/device/usbd.c.obj
                0x10004c20                tud_suspend_cb
 .text.tud_resume_cb
                0x10004c24        0x4 CMakeFiles/pico_prj.dir/C_/Users/rober/.pico-sdk/sdk/2.0.0/lib/tinyusb/src/device/usbd.c.obj
                0x10004c24                tud_resume_cb
 .text.tud_mounted
                0x10004c28       0x10 CMakeFiles/pico_prj.dir/C_/Users/rober/.pico-sdk/sdk/2.0.0/lib/tinyusb/src/device/usbd.c.obj
                0x10004c28                tud_mounted
 .text.tud_suspended
                0x10004c38       0x10 CMakeFiles/pico_prj.dir/C_/Users/rober/.pico-sdk/sdk/2.0.0/lib/tinyusb/src/device/usbd.c.obj
                0x10004c38                tud_suspended
 .text.tud_init
                0x10004c48       0xe4 CMakeFiles/pico_prj.dir/C_/Users/rober/.pico-sdk/sdk/2.0.0/lib/tinyusb/src/device/usbd.c.obj
                0x10004c48                tud_init
 .text.tud_task_ext
                0x10004d2c      0x800 CMakeFiles/pico_prj.dir/C_/Users/rober/.pico-sdk/sdk/2.0.0/lib/tinyusb/src/device/usbd.c.obj
                0x10004d2c                tud_task_ext
 .text.usbd_open_edpt_pair
                0x1000552c       0x9c CMakeFiles/pico_prj.dir/C_/Users/rober/.pico-sdk/sdk/2.0.0/lib/tinyusb/src/device/usbd.c.obj
                0x1000552c                usbd_open_edpt_pair
 .text.usbd_edpt_open
                0x100055c8       0x34 CMakeFiles/pico_prj.dir/C_/Users/rober/.pico-sdk/sdk/2.0.0/lib/tinyusb/src/device/usbd.c.obj
                0x100055c8                usbd_edpt_open
 .text.usbd_edpt_claim
                0x100055fc       0x28 CMakeFiles/pico_prj.dir/C_/Users/rober/.pico-sdk/sdk/2.0.0/lib/tinyusb/src/device/usbd.c.obj
                0x100055fc                usbd_edpt_claim
 .text.usbd_edpt_release
                0x10005624       0x28 CMakeFiles/pico_prj.dir/C_/Users/rober/.pico-sdk/sdk/2.0.0/lib/tinyusb/src/device/usbd.c.obj
                0x10005624                usbd_edpt_release
 .text.usbd_edpt_xfer
                0x1000564c       0x4c CMakeFiles/pico_prj.dir/C_/Users/rober/.pico-sdk/sdk/2.0.0/lib/tinyusb/src/device/usbd.c.obj
                0x1000564c                usbd_edpt_xfer
 .text.tud_control_status
                0x10005698       0x2c CMakeFiles/pico_prj.dir/C_/Users/rober/.pico-sdk/sdk/2.0.0/lib/tinyusb/src/device/usbd_control.c.obj
                0x10005698                tud_control_status
 .text.tud_control_xfer
                0x100056c4       0xac CMakeFiles/pico_prj.dir/C_/Users/rober/.pico-sdk/sdk/2.0.0/lib/tinyusb/src/device/usbd_control.c.obj
                0x100056c4                tud_control_xfer
 .text.usbd_control_reset
                0x10005770       0x14 CMakeFiles/pico_prj.dir/C_/Users/rober/.pico-sdk/sdk/2.0.0/lib/tinyusb/src/device/usbd_control.c.obj
                0x10005770                usbd_control_reset
 .text.usbd_control_set_complete_callback
                0x10005784        0xc CMakeFiles/pico_prj.dir/C_/Users/rober/.pico-sdk/sdk/2.0.0/lib/tinyusb/src/device/usbd_control.c.obj
                0x10005784                usbd_control_set_complete_callback
 .text.usbd_control_set_request
                0x10005790       0x1c CMakeFiles/pico_prj.dir/C_/Users/rober/.pico-sdk/sdk/2.0.0/lib/tinyusb/src/device/usbd_control.c.obj
                0x10005790                usbd_control_set_request
 .text.usbd_control_xfer_cb
                0x100057ac       0xec CMakeFiles/pico_prj.dir/C_/Users/rober/.pico-sdk/sdk/2.0.0/lib/tinyusb/src/device/usbd_control.c.obj
                0x100057ac                usbd_control_xfer_cb
 .text._prep_out_transaction.isra.0
                0x10005898       0x5c CMakeFiles/pico_prj.dir/C_/Users/rober/.pico-sdk/sdk/2.0.0/lib/tinyusb/src/class/cdc/cdc_device.c.obj
 .text.tud_cdc_n_connected
                0x100058f4       0x30 CMakeFiles/pico_prj.dir/C_/Users/rober/.pico-sdk/sdk/2.0.0/lib/tinyusb/src/class/cdc/cdc_device.c.obj
                0x100058f4                tud_cdc_n_connected
 .text.tud_cdc_n_available
                0x10005924       0x18 CMakeFiles/pico_prj.dir/C_/Users/rober/.pico-sdk/sdk/2.0.0/lib/tinyusb/src/class/cdc/cdc_device.c.obj
                0x10005924                tud_cdc_n_available
 .text.tud_cdc_n_read
                0x1000593c       0x98 CMakeFiles/pico_prj.dir/C_/Users/rober/.pico-sdk/sdk/2.0.0/lib/tinyusb/src/class/cdc/cdc_device.c.obj
                0x1000593c                tud_cdc_n_read
 .text.tud_cdc_n_write_flush
                0x100059d4       0x78 CMakeFiles/pico_prj.dir/C_/Users/rober/.pico-sdk/sdk/2.0.0/lib/tinyusb/src/class/cdc/cdc_device.c.obj
                0x100059d4                tud_cdc_n_write_flush
 .text.tud_cdc_n_write
                0x10005a4c       0x40 CMakeFiles/pico_prj.dir/C_/Users/rober/.pico-sdk/sdk/2.0.0/lib/tinyusb/src/class/cdc/cdc_device.c.obj
                0x10005a4c                tud_cdc_n_write
 .text.tud_cdc_n_write_available
                0x10005a8c       0x18 CMakeFiles/pico_prj.dir/C_/Users/rober/.pico-sdk/sdk/2.0.0/lib/tinyusb/src/class/cdc/cdc_device.c.obj
                0x10005a8c                tud_cdc_n_write_available
 .text.cdcd_init
                0x10005aa4       0x7c CMakeFiles/pico_prj.dir/C_/Users/rober/.pico-sdk/sdk/2.0.0/lib/tinyusb/src/class/cdc/cdc_device.c.obj
                0x10005aa4                cdcd_init
 .text.cdcd_deinit
                0x10005b20       0x34 CMakeFiles/pico_prj.dir/C_/Users/rober/.pico-sdk/sdk/2.0.0/lib/tinyusb/src/class/cdc/cdc_device.c.obj
                0x10005b20                cdcd_deinit
 .text.cdcd_reset
                0x10005b54       0x4c CMakeFiles/pico_prj.dir/C_/Users/rober/.pico-sdk/sdk/2.0.0/lib/tinyusb/src/class/cdc/cdc_device.c.obj
                0x10005b54                cdcd_reset
 .text.cdcd_open
                0x10005ba0       0xb0 CMakeFiles/pico_prj.dir/C_/Users/rober/.pico-sdk/sdk/2.0.0/lib/tinyusb/src/class/cdc/cdc_device.c.obj
                0x10005ba0                cdcd_open
 .text.cdcd_control_xfer_cb
                0x10005c50       0xe4 CMakeFiles/pico_prj.dir/C_/Users/rober/.pico-sdk/sdk/2.0.0/lib/tinyusb/src/class/cdc/cdc_device.c.obj
                0x10005c50                cdcd_control_xfer_cb
 .text.cdcd_xfer_cb
                0x10005d34      0x100 CMakeFiles/pico_prj.dir/C_/Users/rober/.pico-sdk/sdk/2.0.0/lib/tinyusb/src/class/cdc/cdc_device.c.obj
                0x10005d34                cdcd_xfer_cb
 .text.tud_vendor_n_write_flush
                0x10005e34       0x78 CMakeFiles/pico_prj.dir/C_/Users/rober/.pico-sdk/sdk/2.0.0/lib/tinyusb/src/class/vendor/vendor_device.c.obj
                0x10005e34                tud_vendor_n_write_flush
 .text.vendord_init
                0x10005eac       0x64 CMakeFiles/pico_prj.dir/C_/Users/rober/.pico-sdk/sdk/2.0.0/lib/tinyusb/src/class/vendor/vendor_device.c.obj
                0x10005eac                vendord_init
 .text.vendord_deinit
                0x10005f10       0x34 CMakeFiles/pico_prj.dir/C_/Users/rober/.pico-sdk/sdk/2.0.0/lib/tinyusb/src/class/vendor/vendor_device.c.obj
                0x10005f10                vendord_deinit
 .text.vendord_reset
                0x10005f44       0x1c CMakeFiles/pico_prj.dir/C_/Users/rober/.pico-sdk/sdk/2.0.0/lib/tinyusb/src/class/vendor/vendor_device.c.obj
                0x10005f44                vendord_reset
 .text.vendord_open
                0x10005f60       0xd8 CMakeFiles/pico_prj.dir/C_/Users/rober/.pico-sdk/sdk/2.0.0/lib/tinyusb/src/class/vendor/vendor_device.c.obj
                0x10005f60                vendord_open
 .text.vendord_xfer_cb
                0x10006038       0xc8 CMakeFiles/pico_prj.dir/C_/Users/rober/.pico-sdk/sdk/2.0.0/lib/tinyusb/src/class/vendor/vendor_device.c.obj
                0x10006038                vendord_xfer_cb
 .text.tusb_init
                0x10006100        0xc CMakeFiles/pico_prj.dir/C_/Users/rober/.pico-sdk/sdk/2.0.0/lib/tinyusb/src/tusb.c.obj
                0x10006100                tusb_init
 .text.tu_edpt_claim
                0x1000610c       0x50 CMakeFiles/pico_prj.dir/C_/Users/rober/.pico-sdk/sdk/2.0.0/lib/tinyusb/src/tusb.c.obj
                0x1000610c                tu_edpt_claim
 .text.tu_edpt_release
                0x1000615c       0x38 CMakeFiles/pico_prj.dir/C_/Users/rober/.pico-sdk/sdk/2.0.0/lib/tinyusb/src/tusb.c.obj
                0x1000615c                tu_edpt_release
 .text.tu_edpt_validate
                0x10006194       0x7c CMakeFiles/pico_prj.dir/C_/Users/rober/.pico-sdk/sdk/2.0.0/lib/tinyusb/src/tusb.c.obj
                0x10006194                tu_edpt_validate
 .text.tu_edpt_bind_driver
                0x10006210       0x34 CMakeFiles/pico_prj.dir/C_/Users/rober/.pico-sdk/sdk/2.0.0/lib/tinyusb/src/tusb.c.obj
                0x10006210                tu_edpt_bind_driver
 .text.tu_fifo_config
                0x10006244       0x6c CMakeFiles/pico_prj.dir/C_/Users/rober/.pico-sdk/sdk/2.0.0/lib/tinyusb/src/common/tusb_fifo.c.obj
                0x10006244                tu_fifo_config
 .text.tu_fifo_count
                0x100062b0       0x2c CMakeFiles/pico_prj.dir/C_/Users/rober/.pico-sdk/sdk/2.0.0/lib/tinyusb/src/common/tusb_fifo.c.obj
                0x100062b0                tu_fifo_count
 .text.tu_fifo_empty
                0x100062dc       0x10 CMakeFiles/pico_prj.dir/C_/Users/rober/.pico-sdk/sdk/2.0.0/lib/tinyusb/src/common/tusb_fifo.c.obj
                0x100062dc                tu_fifo_empty
 .text.tu_fifo_remaining
                0x100062ec       0x2c CMakeFiles/pico_prj.dir/C_/Users/rober/.pico-sdk/sdk/2.0.0/lib/tinyusb/src/common/tusb_fifo.c.obj
                0x100062ec                tu_fifo_remaining
 .text.tu_fifo_read
                0x10006318       0x9c CMakeFiles/pico_prj.dir/C_/Users/rober/.pico-sdk/sdk/2.0.0/lib/tinyusb/src/common/tusb_fifo.c.obj
                0x10006318                tu_fifo_read
 .text.tu_fifo_read_n
                0x100063b4       0xe8 CMakeFiles/pico_prj.dir/C_/Users/rober/.pico-sdk/sdk/2.0.0/lib/tinyusb/src/common/tusb_fifo.c.obj
                0x100063b4                tu_fifo_read_n
 .text.tu_fifo_write
                0x1000649c       0xa8 CMakeFiles/pico_prj.dir/C_/Users/rober/.pico-sdk/sdk/2.0.0/lib/tinyusb/src/common/tusb_fifo.c.obj
                0x1000649c                tu_fifo_write
 .text.tu_fifo_write_n
                0x10006544      0x178 CMakeFiles/pico_prj.dir/C_/Users/rober/.pico-sdk/sdk/2.0.0/lib/tinyusb/src/common/tusb_fifo.c.obj
                0x10006544                tu_fifo_write_n
 .text.tu_fifo_clear
                0x100066bc       0x40 CMakeFiles/pico_prj.dir/C_/Users/rober/.pico-sdk/sdk/2.0.0/lib/tinyusb/src/common/tusb_fifo.c.obj
                0x100066bc                tu_fifo_clear
 .text.tu_fifo_set_overwritable
                0x100066fc       0x48 CMakeFiles/pico_prj.dir/C_/Users/rober/.pico-sdk/sdk/2.0.0/lib/tinyusb/src/common/tusb_fifo.c.obj
                0x100066fc                tu_fifo_set_overwritable
 .text.dma_channel_unclaim
                0x10006744       0x14 CMakeFiles/pico_prj.dir/C_/Users/rober/.pico-sdk/sdk/2.0.0/src/rp2_common/hardware_dma/dma.c.obj
                0x10006744                dma_channel_unclaim
 .text.dma_claim_unused_channel
                0x10006758       0x24 CMakeFiles/pico_prj.dir/C_/Users/rober/.pico-sdk/sdk/2.0.0/src/rp2_common/hardware_dma/dma.c.obj
                0x10006758                dma_claim_unused_channel
 .text.dma_channel_cleanup
                0x1000677c       0x64 CMakeFiles/pico_prj.dir/C_/Users/rober/.pico-sdk/sdk/2.0.0/src/rp2_common/hardware_dma/dma.c.obj
                0x1000677c                dma_channel_cleanup
 .text.cyw43_arch_set_async_context
                0x100067e0        0xc CMakeFiles/pico_prj.dir/C_/Users/rober/.pico-sdk/sdk/2.0.0/src/rp2_common/pico_cyw43_arch/cyw43_arch.c.obj
                0x100067e0                cyw43_arch_set_async_context
 .text.cyw43_arch_gpio_put
                0x100067ec       0x14 CMakeFiles/pico_prj.dir/C_/Users/rober/.pico-sdk/sdk/2.0.0/src/rp2_common/pico_cyw43_arch/cyw43_arch.c.obj
                0x100067ec                cyw43_arch_gpio_put
 .text.cyw43_arch_async_context
                0x10006800        0xc CMakeFiles/pico_prj.dir/C_/Users/rober/.pico-sdk/sdk/2.0.0/src/rp2_common/pico_cyw43_arch/cyw43_arch.c.obj
                0x10006800                cyw43_arch_async_context
 .text.cyw43_arch_init
                0x1000680c       0x64 CMakeFiles/pico_prj.dir/C_/Users/rober/.pico-sdk/sdk/2.0.0/src/rp2_common/pico_cyw43_arch/cyw43_arch_threadsafe_background.c.obj
                0x1000680c                cyw43_arch_init
 .text.ns_delay.constprop.0
                0x10006870       0x20 CMakeFiles/pico_prj.dir/C_/Users/rober/.pico-sdk/sdk/2.0.0/src/rp2_common/pico_cyw43_driver/cyw43_bus_pio_spi.c.obj
 .text.cyw43_spi_deinit
                0x10006890       0x7c CMakeFiles/pico_prj.dir/C_/Users/rober/.pico-sdk/sdk/2.0.0/src/rp2_common/pico_cyw43_driver/cyw43_bus_pio_spi.c.obj
                0x10006890                cyw43_spi_deinit
 .text.cyw43_spi_init
                0x1000690c      0x134 CMakeFiles/pico_prj.dir/C_/Users/rober/.pico-sdk/sdk/2.0.0/src/rp2_common/pico_cyw43_driver/cyw43_bus_pio_spi.c.obj
                0x1000690c                cyw43_spi_init
 .text.cyw43_spi_transfer
                0x10006a40      0x3f0 CMakeFiles/pico_prj.dir/C_/Users/rober/.pico-sdk/sdk/2.0.0/src/rp2_common/pico_cyw43_driver/cyw43_bus_pio_spi.c.obj
                0x10006a40                cyw43_spi_transfer
 .text.cyw43_spi_gpio_setup
                0x10006e30       0x3c CMakeFiles/pico_prj.dir/C_/Users/rober/.pico-sdk/sdk/2.0.0/src/rp2_common/pico_cyw43_driver/cyw43_bus_pio_spi.c.obj
                0x10006e30                cyw43_spi_gpio_setup
 .text.cyw43_spi_reset
                0x10006e6c       0x28 CMakeFiles/pico_prj.dir/C_/Users/rober/.pico-sdk/sdk/2.0.0/src/rp2_common/pico_cyw43_driver/cyw43_bus_pio_spi.c.obj
                0x10006e6c                cyw43_spi_reset
 .text.read_reg_u32_swap
                0x10006e94       0x3c CMakeFiles/pico_prj.dir/C_/Users/rober/.pico-sdk/sdk/2.0.0/src/rp2_common/pico_cyw43_driver/cyw43_bus_pio_spi.c.obj
                0x10006e94                read_reg_u32_swap
 .text.cyw43_read_reg_u32
                0x10006ed0       0x50 CMakeFiles/pico_prj.dir/C_/Users/rober/.pico-sdk/sdk/2.0.0/src/rp2_common/pico_cyw43_driver/cyw43_bus_pio_spi.c.obj
                0x10006ed0                cyw43_read_reg_u32
 .text.cyw43_read_reg_u16
                0x10006f20       0x50 CMakeFiles/pico_prj.dir/C_/Users/rober/.pico-sdk/sdk/2.0.0/src/rp2_common/pico_cyw43_driver/cyw43_bus_pio_spi.c.obj
                0x10006f20                cyw43_read_reg_u16
 .text.cyw43_read_reg_u8
                0x10006f70       0x50 CMakeFiles/pico_prj.dir/C_/Users/rober/.pico-sdk/sdk/2.0.0/src/rp2_common/pico_cyw43_driver/cyw43_bus_pio_spi.c.obj
                0x10006f70                cyw43_read_reg_u8
 .text.write_reg_u32_swap
                0x10006fc0      0x1e8 CMakeFiles/pico_prj.dir/C_/Users/rober/.pico-sdk/sdk/2.0.0/src/rp2_common/pico_cyw43_driver/cyw43_bus_pio_spi.c.obj
                0x10006fc0                write_reg_u32_swap
 .text.cyw43_write_reg_u32
                0x100071a8      0x208 CMakeFiles/pico_prj.dir/C_/Users/rober/.pico-sdk/sdk/2.0.0/src/rp2_common/pico_cyw43_driver/cyw43_bus_pio_spi.c.obj
                0x100071a8                cyw43_write_reg_u32
 .text.cyw43_write_reg_u16
                0x100073b0      0x208 CMakeFiles/pico_prj.dir/C_/Users/rober/.pico-sdk/sdk/2.0.0/src/rp2_common/pico_cyw43_driver/cyw43_bus_pio_spi.c.obj
                0x100073b0                cyw43_write_reg_u16
 .text.cyw43_write_reg_u8
                0x100075b8      0x208 CMakeFiles/pico_prj.dir/C_/Users/rober/.pico-sdk/sdk/2.0.0/src/rp2_common/pico_cyw43_driver/cyw43_bus_pio_spi.c.obj
                0x100075b8                cyw43_write_reg_u8
 .text.cyw43_read_bytes
                0x100077c0       0x78 CMakeFiles/pico_prj.dir/C_/Users/rober/.pico-sdk/sdk/2.0.0/src/rp2_common/pico_cyw43_driver/cyw43_bus_pio_spi.c.obj
                0x100077c0                cyw43_read_bytes
 .text.cyw43_write_bytes
                0x10007838       0xc0 CMakeFiles/pico_prj.dir/C_/Users/rober/.pico-sdk/sdk/2.0.0/src/rp2_common/pico_cyw43_driver/cyw43_bus_pio_spi.c.obj
                0x10007838                cyw43_write_bytes
 .text.cyw43_set_backplane_window
                0x100078f8       0x68 CMakeFiles/pico_prj.dir/C_/Users/rober/.pico-sdk/sdk/2.0.0/lib/cyw43-driver/src/cyw43_ll.c.obj
 .text.cyw43_ll_parse_async_event
                0x10007960      0x134 CMakeFiles/pico_prj.dir/C_/Users/rober/.pico-sdk/sdk/2.0.0/lib/cyw43-driver/src/cyw43_ll.c.obj
 .text.cyw43_kso_set
                0x10007a94       0x80 CMakeFiles/pico_prj.dir/C_/Users/rober/.pico-sdk/sdk/2.0.0/lib/cyw43-driver/src/cyw43_ll.c.obj
 .text.cyw43_ll_sdpcm_poll_device
                0x10007b14      0x238 CMakeFiles/pico_prj.dir/C_/Users/rober/.pico-sdk/sdk/2.0.0/lib/cyw43-driver/src/cyw43_ll.c.obj
 .text.cyw43_sdpcm_send_common
                0x10007d4c       0xfc CMakeFiles/pico_prj.dir/C_/Users/rober/.pico-sdk/sdk/2.0.0/lib/cyw43-driver/src/cyw43_ll.c.obj
 .text.cyw43_do_ioctl.part.0
                0x10007e48       0xc4 CMakeFiles/pico_prj.dir/C_/Users/rober/.pico-sdk/sdk/2.0.0/lib/cyw43-driver/src/cyw43_ll.c.obj
 .text.cyw43_download_resource
                0x10007f0c       0xd0 CMakeFiles/pico_prj.dir/C_/Users/rober/.pico-sdk/sdk/2.0.0/lib/cyw43-driver/src/cyw43_ll.c.obj
 .text.cyw43_write_iovar_u32.constprop.0
                0x10007fdc       0x98 CMakeFiles/pico_prj.dir/C_/Users/rober/.pico-sdk/sdk/2.0.0/lib/cyw43-driver/src/cyw43_ll.c.obj
 .text.cyw43_write_iovar_n
                0x10008074       0x8c CMakeFiles/pico_prj.dir/C_/Users/rober/.pico-sdk/sdk/2.0.0/lib/cyw43-driver/src/cyw43_ll.c.obj
 .text.cyw43_read_backplane.constprop.0
                0x10008100       0xe4 CMakeFiles/pico_prj.dir/C_/Users/rober/.pico-sdk/sdk/2.0.0/lib/cyw43-driver/src/cyw43_ll.c.obj
 .text.cyw43_write_backplane
                0x100081e4      0x10c CMakeFiles/pico_prj.dir/C_/Users/rober/.pico-sdk/sdk/2.0.0/lib/cyw43-driver/src/cyw43_ll.c.obj
 .text.reset_device_core.constprop.0
                0x100082f0      0x410 CMakeFiles/pico_prj.dir/C_/Users/rober/.pico-sdk/sdk/2.0.0/lib/cyw43-driver/src/cyw43_ll.c.obj
 .text.cyw43_ll_init
                0x10008700       0x1c CMakeFiles/pico_prj.dir/C_/Users/rober/.pico-sdk/sdk/2.0.0/lib/cyw43-driver/src/cyw43_ll.c.obj
                0x10008700                cyw43_ll_init
 .text.cyw43_ll_deinit
                0x1000871c        0x8 CMakeFiles/pico_prj.dir/C_/Users/rober/.pico-sdk/sdk/2.0.0/lib/cyw43-driver/src/cyw43_ll.c.obj
                0x1000871c                cyw43_ll_deinit
 .text.cyw43_ll_process_packets
                0x10008724       0x54 CMakeFiles/pico_prj.dir/C_/Users/rober/.pico-sdk/sdk/2.0.0/lib/cyw43-driver/src/cyw43_ll.c.obj
                0x10008724                cyw43_ll_process_packets
 .text.cyw43_ll_ioctl
                0x10008778       0x80 CMakeFiles/pico_prj.dir/C_/Users/rober/.pico-sdk/sdk/2.0.0/lib/cyw43-driver/src/cyw43_ll.c.obj
                0x10008778                cyw43_ll_ioctl
 .text.cyw43_ll_bus_sleep
                0x100087f8       0x34 CMakeFiles/pico_prj.dir/C_/Users/rober/.pico-sdk/sdk/2.0.0/lib/cyw43-driver/src/cyw43_ll.c.obj
                0x100087f8                cyw43_ll_bus_sleep
 .text.cyw43_ll_wifi_get_mac
                0x1000882c       0x74 CMakeFiles/pico_prj.dir/C_/Users/rober/.pico-sdk/sdk/2.0.0/lib/cyw43-driver/src/cyw43_ll.c.obj
                0x1000882c                cyw43_ll_wifi_get_mac
 .text.cyw43_ll_bus_init
                0x100088a0      0x920 CMakeFiles/pico_prj.dir/C_/Users/rober/.pico-sdk/sdk/2.0.0/lib/cyw43-driver/src/cyw43_ll.c.obj
                0x100088a0                cyw43_ll_bus_init
 .text.cyw43_ll_wifi_set_wpa_auth
                0x100091c0       0x4c CMakeFiles/pico_prj.dir/C_/Users/rober/.pico-sdk/sdk/2.0.0/lib/cyw43-driver/src/cyw43_ll.c.obj
                0x100091c0                cyw43_ll_wifi_set_wpa_auth
 .text.cyw43_ll_wifi_rejoin
                0x1000920c       0x58 CMakeFiles/pico_prj.dir/C_/Users/rober/.pico-sdk/sdk/2.0.0/lib/cyw43-driver/src/cyw43_ll.c.obj
                0x1000920c                cyw43_ll_wifi_rejoin
 .text.cyw43_ll_gpio_set
                0x10009264       0x94 CMakeFiles/pico_prj.dir/C_/Users/rober/.pico-sdk/sdk/2.0.0/lib/cyw43-driver/src/cyw43_ll.c.obj
                0x10009264                cyw43_ll_gpio_set
 .text.cyw43_ll_has_work
                0x100092f8       0x14 CMakeFiles/pico_prj.dir/C_/Users/rober/.pico-sdk/sdk/2.0.0/lib/cyw43-driver/src/cyw43_ll.c.obj
                0x100092f8                cyw43_ll_has_work
 .text.cyw43_poll_func
                0x1000930c       0xc0 CMakeFiles/pico_prj.dir/C_/Users/rober/.pico-sdk/sdk/2.0.0/lib/cyw43-driver/src/cyw43_ctrl.c.obj
 .text.cyw43_init
                0x100093cc       0x6c CMakeFiles/pico_prj.dir/C_/Users/rober/.pico-sdk/sdk/2.0.0/lib/cyw43-driver/src/cyw43_ctrl.c.obj
                0x100093cc                cyw43_init
 .text.cyw43_deinit
                0x10009438       0x90 CMakeFiles/pico_prj.dir/C_/Users/rober/.pico-sdk/sdk/2.0.0/lib/cyw43-driver/src/cyw43_ctrl.c.obj
                0x10009438                cyw43_deinit
 .text.cyw43_cb_read_host_interrupt_pin
                0x100094c8        0xc CMakeFiles/pico_prj.dir/C_/Users/rober/.pico-sdk/sdk/2.0.0/lib/cyw43-driver/src/cyw43_ctrl.c.obj
                0x100094c8                cyw43_cb_read_host_interrupt_pin
 .text.cyw43_cb_ensure_awake
                0x100094d4        0xc CMakeFiles/pico_prj.dir/C_/Users/rober/.pico-sdk/sdk/2.0.0/lib/cyw43-driver/src/cyw43_ctrl.c.obj
                0x100094d4                cyw43_cb_ensure_awake
 .text.cyw43_cb_process_async_event
                0x100094e0      0x214 CMakeFiles/pico_prj.dir/C_/Users/rober/.pico-sdk/sdk/2.0.0/lib/cyw43-driver/src/cyw43_ctrl.c.obj
                0x100094e0                cyw43_cb_process_async_event
 .text.cyw43_gpio_set
                0x100096f4       0xa0 CMakeFiles/pico_prj.dir/C_/Users/rober/.pico-sdk/sdk/2.0.0/lib/cyw43-driver/src/cyw43_ctrl.c.obj
                0x100096f4                cyw43_gpio_set
 .text.pio_sm_unclaim
                0x10009794       0x20 CMakeFiles/pico_prj.dir/C_/Users/rober/.pico-sdk/sdk/2.0.0/src/rp2_common/hardware_pio/pio.c.obj
                0x10009794                pio_sm_unclaim
 .text.pio_claim_unused_sm
                0x100097b4       0x38 CMakeFiles/pico_prj.dir/C_/Users/rober/.pico-sdk/sdk/2.0.0/src/rp2_common/hardware_pio/pio.c.obj
                0x100097b4                pio_claim_unused_sm
 .text.pio_can_add_program
                0x100097ec       0x90 CMakeFiles/pico_prj.dir/C_/Users/rober/.pico-sdk/sdk/2.0.0/src/rp2_common/hardware_pio/pio.c.obj
                0x100097ec                pio_can_add_program
 .text.pio_add_program
                0x1000987c      0x104 CMakeFiles/pico_prj.dir/C_/Users/rober/.pico-sdk/sdk/2.0.0/src/rp2_common/hardware_pio/pio.c.obj
                0x1000987c                pio_add_program
 .text.pio_remove_program
                0x10009980       0x30 CMakeFiles/pico_prj.dir/C_/Users/rober/.pico-sdk/sdk/2.0.0/src/rp2_common/hardware_pio/pio.c.obj
                0x10009980                pio_remove_program
 .text.pio_sm_set_pindirs_with_mask
                0x100099b0       0xac CMakeFiles/pico_prj.dir/C_/Users/rober/.pico-sdk/sdk/2.0.0/src/rp2_common/hardware_pio/pio.c.obj
                0x100099b0                pio_sm_set_pindirs_with_mask
 .text.pio_sm_set_consecutive_pindirs
                0x10009a5c       0xb4 CMakeFiles/pico_prj.dir/C_/Users/rober/.pico-sdk/sdk/2.0.0/src/rp2_common/hardware_pio/pio.c.obj
                0x10009a5c                pio_sm_set_consecutive_pindirs
 .text.cyw43_sleep_timeout_reached
                0x10009b10       0x10 CMakeFiles/pico_prj.dir/C_/Users/rober/.pico-sdk/sdk/2.0.0/src/rp2_common/pico_cyw43_driver/cyw43_driver.c.obj
 .text.cyw43_irq_init
                0x10009b20       0x28 CMakeFiles/pico_prj.dir/C_/Users/rober/.pico-sdk/sdk/2.0.0/src/rp2_common/pico_cyw43_driver/cyw43_driver.c.obj
                0x10009b20                cyw43_irq_init
 .text.cyw43_irq_deinit
                0x10009b48       0x20 CMakeFiles/pico_prj.dir/C_/Users/rober/.pico-sdk/sdk/2.0.0/src/rp2_common/pico_cyw43_driver/cyw43_driver.c.obj
                0x10009b48                cyw43_irq_deinit
 .text.cyw43_gpio_irq_handler
                0x10009b68       0x44 CMakeFiles/pico_prj.dir/C_/Users/rober/.pico-sdk/sdk/2.0.0/src/rp2_common/pico_cyw43_driver/cyw43_driver.c.obj
 .text.cyw43_do_poll
                0x10009bac       0x70 CMakeFiles/pico_prj.dir/C_/Users/rober/.pico-sdk/sdk/2.0.0/src/rp2_common/pico_cyw43_driver/cyw43_driver.c.obj
 .text.cyw43_post_poll_hook
                0x10009c1c       0x10 CMakeFiles/pico_prj.dir/C_/Users/rober/.pico-sdk/sdk/2.0.0/src/rp2_common/pico_cyw43_driver/cyw43_driver.c.obj
                0x10009c1c                cyw43_post_poll_hook
 .text.cyw43_schedule_internal_poll_dispatch
                0x10009c2c       0x18 CMakeFiles/pico_prj.dir/C_/Users/rober/.pico-sdk/sdk/2.0.0/src/rp2_common/pico_cyw43_driver/cyw43_driver.c.obj
                0x10009c2c                cyw43_schedule_internal_poll_dispatch
 .text.cyw43_driver_init
                0x10009c44       0x38 CMakeFiles/pico_prj.dir/C_/Users/rober/.pico-sdk/sdk/2.0.0/src/rp2_common/pico_cyw43_driver/cyw43_driver.c.obj
                0x10009c44                cyw43_driver_init
 .text.cyw43_driver_deinit
                0x10009c7c       0x44 CMakeFiles/pico_prj.dir/C_/Users/rober/.pico-sdk/sdk/2.0.0/src/rp2_common/pico_cyw43_driver/cyw43_driver.c.obj
                0x10009c7c                cyw43_driver_deinit
 .text.cyw43_hal_generate_laa_mac
                0x10009cc0       0x28 CMakeFiles/pico_prj.dir/C_/Users/rober/.pico-sdk/sdk/2.0.0/src/rp2_common/pico_cyw43_driver/cyw43_driver.c.obj
                0x10009cc0                cyw43_hal_generate_laa_mac
 .text.cyw43_thread_enter
                0x10009ce8       0x14 CMakeFiles/pico_prj.dir/C_/Users/rober/.pico-sdk/sdk/2.0.0/src/rp2_common/pico_cyw43_driver/cyw43_driver.c.obj
                0x10009ce8                cyw43_thread_enter
 .text.cyw43_thread_exit
                0x10009cfc       0x14 CMakeFiles/pico_prj.dir/C_/Users/rober/.pico-sdk/sdk/2.0.0/src/rp2_common/pico_cyw43_driver/cyw43_driver.c.obj
                0x10009cfc                cyw43_thread_exit
 .text.cyw43_await_background_or_timeout_us
                0x10009d10       0x64 CMakeFiles/pico_prj.dir/C_/Users/rober/.pico-sdk/sdk/2.0.0/src/rp2_common/pico_cyw43_driver/cyw43_driver.c.obj
                0x10009d10                cyw43_await_background_or_timeout_us
 .text.cyw43_delay_ms
                0x10009d74       0x48 CMakeFiles/pico_prj.dir/C_/Users/rober/.pico-sdk/sdk/2.0.0/src/rp2_common/pico_cyw43_driver/cyw43_driver.c.obj
                0x10009d74                cyw43_delay_ms
 .text.cyw43_cb_tcpip_deinit
                0x10009dbc        0x4 CMakeFiles/pico_prj.dir/C_/Users/rober/.pico-sdk/sdk/2.0.0/src/rp2_common/pico_cyw43_driver/cyw43_driver.c.obj
                0x10009dbc                cyw43_cb_tcpip_deinit
 .text.cyw43_cb_tcpip_set_link_up
                0x10009dc0        0xc CMakeFiles/pico_prj.dir/C_/Users/rober/.pico-sdk/sdk/2.0.0/src/rp2_common/pico_cyw43_driver/cyw43_driver.c.obj
                0x10009dc0                cyw43_cb_tcpip_set_link_up
 .text.cyw43_cb_tcpip_set_link_down
                0x10009dcc        0xc CMakeFiles/pico_prj.dir/C_/Users/rober/.pico-sdk/sdk/2.0.0/src/rp2_common/pico_cyw43_driver/cyw43_driver.c.obj
                0x10009dcc                cyw43_cb_tcpip_set_link_down
 .text.cyw43_cb_process_ethernet
                0x10009dd8        0xc CMakeFiles/pico_prj.dir/C_/Users/rober/.pico-sdk/sdk/2.0.0/src/rp2_common/pico_cyw43_driver/cyw43_driver.c.obj
                0x10009dd8                cyw43_cb_process_ethernet
 .text.async_context_threadsafe_background_acquire_lock_blocking
                0x10009de4        0xc CMakeFiles/pico_prj.dir/C_/Users/rober/.pico-sdk/sdk/2.0.0/src/rp2_common/pico_async_context/async_context_threadsafe_background.c.obj
 .text.alarm_handler
                0x10009df0       0x20 CMakeFiles/pico_prj.dir/C_/Users/rober/.pico-sdk/sdk/2.0.0/src/rp2_common/pico_async_context/async_context_threadsafe_background.c.obj
 .text.async_context_threadsafe_background_set_work_pending
                0x10009e10       0x1c CMakeFiles/pico_prj.dir/C_/Users/rober/.pico-sdk/sdk/2.0.0/src/rp2_common/pico_async_context/async_context_threadsafe_background.c.obj
 .text.process_under_lock
                0x10009e2c       0xcc CMakeFiles/pico_prj.dir/C_/Users/rober/.pico-sdk/sdk/2.0.0/src/rp2_common/pico_async_context/async_context_threadsafe_background.c.obj
 .text.async_context_threadsafe_background_execute_sync
                0x10009ef8       0x30 CMakeFiles/pico_prj.dir/C_/Users/rober/.pico-sdk/sdk/2.0.0/src/rp2_common/pico_async_context/async_context_threadsafe_background.c.obj
                0x10009ef8                async_context_threadsafe_background_execute_sync
 .text.async_context_threadsafe_background_deinit
                0x10009f28       0x54 CMakeFiles/pico_prj.dir/C_/Users/rober/.pico-sdk/sdk/2.0.0/src/rp2_common/pico_async_context/async_context_threadsafe_background.c.obj
 .text.low_priority_irq_handler
                0x10009f7c       0x3c CMakeFiles/pico_prj.dir/C_/Users/rober/.pico-sdk/sdk/2.0.0/src/rp2_common/pico_async_context/async_context_threadsafe_background.c.obj
 .text.async_context_threadsafe_background_wait_for_work_until
                0x10009fb8        0xc CMakeFiles/pico_prj.dir/C_/Users/rober/.pico-sdk/sdk/2.0.0/src/rp2_common/pico_async_context/async_context_threadsafe_background.c.obj
 .text.async_context_threadsafe_background_wait_until
                0x10009fc4       0x1c CMakeFiles/pico_prj.dir/C_/Users/rober/.pico-sdk/sdk/2.0.0/src/rp2_common/pico_async_context/async_context_threadsafe_background.c.obj
 .text.async_context_threadsafe_background_lock_check
                0x10009fe0       0x28 CMakeFiles/pico_prj.dir/C_/Users/rober/.pico-sdk/sdk/2.0.0/src/rp2_common/pico_async_context/async_context_threadsafe_background.c.obj
 .text.async_context_threadsafe_background_release_lock
                0x1000a008       0x1c CMakeFiles/pico_prj.dir/C_/Users/rober/.pico-sdk/sdk/2.0.0/src/rp2_common/pico_async_context/async_context_threadsafe_background.c.obj
 .text.async_context_threadsafe_background_add_at_time_worker
                0x1000a024       0x34 CMakeFiles/pico_prj.dir/C_/Users/rober/.pico-sdk/sdk/2.0.0/src/rp2_common/pico_async_context/async_context_threadsafe_background.c.obj
 .text.async_context_threadsafe_background_remove_at_time_worker
                0x1000a058       0x34 CMakeFiles/pico_prj.dir/C_/Users/rober/.pico-sdk/sdk/2.0.0/src/rp2_common/pico_async_context/async_context_threadsafe_background.c.obj
 .text.async_context_threadsafe_background_add_when_pending_worker
                0x1000a08c       0x34 CMakeFiles/pico_prj.dir/C_/Users/rober/.pico-sdk/sdk/2.0.0/src/rp2_common/pico_async_context/async_context_threadsafe_background.c.obj
 .text.async_context_threadsafe_background_when_pending_worker
                0x1000a0c0       0x34 CMakeFiles/pico_prj.dir/C_/Users/rober/.pico-sdk/sdk/2.0.0/src/rp2_common/pico_async_context/async_context_threadsafe_background.c.obj
 .text.async_context_threadsafe_background_default_config
                0x1000a0f4        0xc CMakeFiles/pico_prj.dir/C_/Users/rober/.pico-sdk/sdk/2.0.0/src/rp2_common/pico_async_context/async_context_threadsafe_background.c.obj
                0x1000a0f4                async_context_threadsafe_background_default_config
 .text.async_context_threadsafe_background_init
                0x1000a100       0x8c CMakeFiles/pico_prj.dir/C_/Users/rober/.pico-sdk/sdk/2.0.0/src/rp2_common/pico_async_context/async_context_threadsafe_background.c.obj
                0x1000a100                async_context_threadsafe_background_init
 .text.async_context_base_add_at_time_worker
                0x1000a18c       0x24 CMakeFiles/pico_prj.dir/C_/Users/rober/.pico-sdk/sdk/2.0.0/src/rp2_common/pico_async_context/async_context_base.c.obj
                0x1000a18c                async_context_base_add_at_time_worker
 .text.async_context_base_remove_at_time_worker
                0x1000a1b0       0x28 CMakeFiles/pico_prj.dir/C_/Users/rober/.pico-sdk/sdk/2.0.0/src/rp2_common/pico_async_context/async_context_base.c.obj
                0x1000a1b0                async_context_base_remove_at_time_worker
 .text.async_context_base_add_when_pending_worker
                0x1000a1d8       0x24 CMakeFiles/pico_prj.dir/C_/Users/rober/.pico-sdk/sdk/2.0.0/src/rp2_common/pico_async_context/async_context_base.c.obj
                0x1000a1d8                async_context_base_add_when_pending_worker
 .text.async_context_base_remove_when_pending_worker
                0x1000a1fc       0x28 CMakeFiles/pico_prj.dir/C_/Users/rober/.pico-sdk/sdk/2.0.0/src/rp2_common/pico_async_context/async_context_base.c.obj
                0x1000a1fc                async_context_base_remove_when_pending_worker
 .text.async_context_base_execute_once
                0x1000a224      0x108 CMakeFiles/pico_prj.dir/C_/Users/rober/.pico-sdk/sdk/2.0.0/src/rp2_common/pico_async_context/async_context_base.c.obj
                0x1000a224                async_context_base_execute_once
 .text.memmove  0x1000a32c       0xb0 C:/Users/rober/.pico-sdk/toolchain/13_2_Rel1/bin/../lib/gcc/arm-none-eabi/13.2.1/thumb/v6-m/nofp\libg.a(libc_a-memmove.o)
                0x1000a32c                memmove
 .text.strncmp  0x1000a3dc       0x74 C:/Users/rober/.pico-sdk/toolchain/13_2_Rel1/bin/../lib/gcc/arm-none-eabi/13.2.1/thumb/v6-m/nofp\libg.a(libc_a-strncmp.o)
                0x1000a3dc                strncmp
 .text.strlen   0x1000a450       0x5c C:/Users/rober/.pico-sdk/toolchain/13_2_Rel1/bin/../lib/gcc/arm-none-eabi/13.2.1/thumb/v6-m/nofp\libg.a(libc_a-strlen-stub.o)
                0x1000a450                strlen
 *(.fini)
 .fini          0x1000a4ac        0x4 C:/Users/rober/.pico-sdk/toolchain/13_2_Rel1/bin/../lib/gcc/arm-none-eabi/13.2.1/thumb/v6-m/nofp/crti.o
                0x1000a4ac                _fini
 .fini.__stub   0x1000a4b0      0x110 linker stubs
 *crtbegin.o(.ctors)
 *crtbegin?.o(.ctors)
 *(EXCLUDE_FILE(*crtend.o *crtend?.o) .ctors)
 *(SORT_BY_NAME(.ctors.*))
 *(.ctors)
 *crtbegin.o(.dtors)
 *crtbegin?.o(.dtors)
 *(EXCLUDE_FILE(*crtend.o *crtend?.o) .dtors)
 *(SORT_BY_NAME(.dtors.*))
 *(.dtors)
                0x1000a5c0                        . = ALIGN (0x4)
                0x1000a5c0                        PROVIDE (__preinit_array_start = .)
 *(SORT_BY_NAME(.preinit_array.*))
 .preinit_array.00100
                0x1000a5c0        0x4 CMakeFiles/pico_prj.dir/C_/Users/rober/.pico-sdk/sdk/2.0.0/src/rp2_common/pico_runtime_init/runtime_init.c.obj
                0x1000a5c0                __pre_init_runtime_init_early_resets
 .preinit_array.00101
                0x1000a5c4        0x4 CMakeFiles/pico_prj.dir/C_/Users/rober/.pico-sdk/sdk/2.0.0/src/rp2_common/pico_runtime_init/runtime_init.c.obj
                0x1000a5c4                __pre_init_runtime_init_usb_power_down
 .preinit_array.00275
                0x1000a5c8        0x4 CMakeFiles/pico_prj.dir/C_/Users/rober/.pico-sdk/sdk/2.0.0/src/rp2_common/pico_bit_ops/bit_ops_aeabi.S.obj
 .preinit_array.00300
                0x1000a5cc        0x4 CMakeFiles/pico_prj.dir/C_/Users/rober/.pico-sdk/sdk/2.0.0/src/rp2_common/pico_mem_ops/mem_ops_aeabi.S.obj
 .preinit_array.00350
                0x1000a5d0        0x4 CMakeFiles/pico_prj.dir/C_/Users/rober/.pico-sdk/sdk/2.0.0/src/rp2_common/pico_double/double_aeabi_rp2040.S.obj
 .preinit_array.00350
                0x1000a5d4        0x4 CMakeFiles/pico_prj.dir/C_/Users/rober/.pico-sdk/sdk/2.0.0/src/rp2_common/pico_float/float_aeabi_rp2040.S.obj
 .preinit_array.00500
                0x1000a5d8        0x4 CMakeFiles/pico_prj.dir/C_/Users/rober/.pico-sdk/sdk/2.0.0/src/rp2_common/pico_runtime_init/runtime_init.c.obj
                0x1000a5d8                __pre_init_runtime_init_clocks
 .preinit_array.00600
                0x1000a5dc        0x4 CMakeFiles/pico_prj.dir/C_/Users/rober/.pico-sdk/sdk/2.0.0/src/rp2_common/pico_runtime_init/runtime_init.c.obj
                0x1000a5dc                __pre_init_runtime_init_post_clock_resets
 .preinit_array.00700
                0x1000a5e0        0x4 CMakeFiles/pico_prj.dir/C_/Users/rober/.pico-sdk/sdk/2.0.0/src/rp2_common/pico_runtime_init/runtime_init.c.obj
                0x1000a5e0                __pre_init_runtime_init_rp2040_gpio_ie_disable
 .preinit_array.01000
                0x1000a5e4        0x4 CMakeFiles/pico_prj.dir/C_/Users/rober/.pico-sdk/sdk/2.0.0/src/rp2_common/pico_runtime_init/runtime_init.c.obj
                0x1000a5e4                __pre_init_runtime_init_spin_locks_reset
 .preinit_array.01100
                0x1000a5e8        0x4 CMakeFiles/pico_prj.dir/C_/Users/rober/.pico-sdk/sdk/2.0.0/src/common/pico_sync/mutex.c.obj
                0x1000a5e8                __pre_init_runtime_init_mutex
 .preinit_array.10080
                0x1000a5ec        0x4 CMakeFiles/pico_prj.dir/C_/Users/rober/.pico-sdk/sdk/2.0.0/src/rp2_common/pico_runtime_init/runtime_init.c.obj
                0x1000a5ec                __pre_init_runtime_init_install_ram_vector_table
 .preinit_array.11000
                0x1000a5f0        0x4 CMakeFiles/pico_prj.dir/C_/Users/rober/.pico-sdk/sdk/2.0.0/src/common/pico_time/time.c.obj
                0x1000a5f0                __pre_init_runtime_init_default_alarm_pool
 .preinit_array.YYYYY
                0x1000a5f4        0x4 CMakeFiles/pico_prj.dir/C_/Users/rober/.pico-sdk/sdk/2.0.0/src/rp2_common/pico_runtime/runtime.c.obj
                0x1000a5f4                __pre_init_first_per_core_initializer
 .preinit_array.ZZZZZ.01200
                0x1000a5f8        0x4 CMakeFiles/pico_prj.dir/C_/Users/rober/.pico-sdk/sdk/2.0.0/src/rp2_common/hardware_irq/irq.c.obj
                0x1000a5f8                __pre_init_runtime_init_per_core_irq_priorities
 *(.preinit_array)
                0x1000a5fc                        PROVIDE (__preinit_array_end = .)
                0x1000a5fc                        . = ALIGN (0x4)
                0x1000a5fc                        PROVIDE (__init_array_start = .)
 *(SORT_BY_NAME(.init_array.*))
 *(.init_array)
 .init_array    0x1000a5fc        0x4 C:/Users/rober/.pico-sdk/toolchain/13_2_Rel1/bin/../lib/gcc/arm-none-eabi/13.2.1/thumb/v6-m/nofp/crtbegin.o
 .init_array    0x1000a600        0x4 CMakeFiles/pico_prj.dir/C_/Users/rober/.pico-sdk/sdk/2.0.0/src/rp2_common/pico_unique_id/unique_id.c.obj
                0x1000a604                        PROVIDE (__init_array_end = .)
                0x1000a604                        . = ALIGN (0x4)
                [!provide]                        PROVIDE (__fini_array_start = .)
 *(SORT_BY_NAME(.fini_array.*))
 *(.fini_array)
                [!provide]                        PROVIDE (__fini_array_end = .)
 *(.eh_frame*)
 .eh_frame      0x1000a604        0x0 C:/Users/rober/.pico-sdk/toolchain/13_2_Rel1/bin/../lib/gcc/arm-none-eabi/13.2.1/thumb/v6-m/nofp/crtbegin.o
                0x1000a604                        . = ALIGN (0x4)

.glue_7         0x1000a604        0x0
 .glue_7        0x1000a604        0x0 linker stubs

.glue_7t        0x1000a604        0x0
 .glue_7t       0x1000a604        0x0 linker stubs

.vfp11_veneer   0x1000a604        0x0
 .vfp11_veneer  0x1000a604        0x0 linker stubs

.v4_bx          0x1000a604        0x0
 .v4_bx         0x1000a604        0x0 linker stubs

.iplt           0x1000a604        0x0
 .iplt          0x1000a604        0x0 C:/Users/rober/.pico-sdk/toolchain/13_2_Rel1/bin/../lib/gcc/arm-none-eabi/13.2.1/thumb/v6-m/nofp/crtbegin.o

.rodata         0x1000a608    0x3801c
 *(EXCLUDE_FILE(*libm.a: *libc.a:*lib_a-mem*.o *libgcc.a:) .rodata*)
 .rodata.main.str1.4
                0x1000a608      0x5b0 CMakeFiles/pico_prj.dir/pico_prj.cpp.obj
                                 0x76 (size before relaxing)
 .rodata._ZL3src
                0x1000abb8       0x19 CMakeFiles/pico_prj.dir/pico_prj.cpp.obj
 .rodata.panic.str1.4
                0x1000abd1       0x12 CMakeFiles/pico_prj.dir/C_/Users/rober/.pico-sdk/sdk/2.0.0/src/rp2_common/pico_platform_panic/panic.c.obj
 .rodata.spin_lock_claim_unused.str1.4
                0x1000abd1       0x1b CMakeFiles/pico_prj.dir/C_/Users/rober/.pico-sdk/sdk/2.0.0/src/rp2_common/hardware_sync/sync.c.obj
 .rodata.user_irq_claim_unused.str1.4
                0x1000abd1       0x1b CMakeFiles/pico_prj.dir/C_/Users/rober/.pico-sdk/sdk/2.0.0/src/rp2_common/hardware_irq/irq.c.obj
 *fill*         0x1000abd1        0x7 
 .rodata.at_the_end_of_time
                0x1000abd8        0x8 CMakeFiles/pico_prj.dir/C_/Users/rober/.pico-sdk/sdk/2.0.0/src/common/pico_time/time.c.obj
                0x1000abd8                at_the_end_of_time
 .rodata.timer_hardware_alarm_claim.str1.4
                0x1000abe0       0x22 CMakeFiles/pico_prj.dir/C_/Users/rober/.pico-sdk/sdk/2.0.0/src/rp2_common/hardware_timer/timer.c.obj
 .rodata.hard_assertion_failure.str1.4
                0x1000abe0        0xc CMakeFiles/pico_prj.dir/C_/Users/rober/.pico-sdk/sdk/2.0.0/src/rp2_common/pico_runtime/runtime.c.obj
 .rodata.missing_double_func_shim.str1.4
                0x1000abe0       0x18 CMakeFiles/pico_prj.dir/C_/Users/rober/.pico-sdk/sdk/2.0.0/src/rp2_common/pico_double/double_init_rom_rp2040.c.obj
 .rodata.missing_float_func_shim.str1.4
                0x1000abe0        0x1 CMakeFiles/pico_prj.dir/C_/Users/rober/.pico-sdk/sdk/2.0.0/src/rp2_common/pico_float/float_init_rom_rp2040.c.obj
 .rodata.str1.4
                0x1000abe0       0x34 CMakeFiles/pico_prj.dir/C_/Users/rober/.pico-sdk/sdk/2.0.0/src/rp2_common/pico_standard_binary_info/standard_binary_info.c.obj
 .rodata.__bi_84
                0x1000abe0        0xc CMakeFiles/pico_prj.dir/C_/Users/rober/.pico-sdk/sdk/2.0.0/src/rp2_common/pico_standard_binary_info/standard_binary_info.c.obj
 .rodata.__bi_60
                0x1000abec        0xc CMakeFiles/pico_prj.dir/C_/Users/rober/.pico-sdk/sdk/2.0.0/src/rp2_common/pico_standard_binary_info/standard_binary_info.c.obj
 .rodata.__bi_54
                0x1000abf8        0xc CMakeFiles/pico_prj.dir/C_/Users/rober/.pico-sdk/sdk/2.0.0/src/rp2_common/pico_standard_binary_info/standard_binary_info.c.obj
 .rodata.__bi_48
                0x1000ac04        0xc CMakeFiles/pico_prj.dir/C_/Users/rober/.pico-sdk/sdk/2.0.0/src/rp2_common/pico_standard_binary_info/standard_binary_info.c.obj
 .rodata.__bi_42
                0x1000ac10        0xc CMakeFiles/pico_prj.dir/C_/Users/rober/.pico-sdk/sdk/2.0.0/src/rp2_common/pico_standard_binary_info/standard_binary_info.c.obj
 .rodata.__bi_34
                0x1000ac1c        0xc CMakeFiles/pico_prj.dir/C_/Users/rober/.pico-sdk/sdk/2.0.0/src/rp2_common/pico_standard_binary_info/standard_binary_info.c.obj
 .rodata.__bi_26
                0x1000ac28        0xc CMakeFiles/pico_prj.dir/C_/Users/rober/.pico-sdk/sdk/2.0.0/src/rp2_common/pico_standard_binary_info/standard_binary_info.c.obj
 .rodata._ftoa.str1.4
                0x1000ac34       0x15 CMakeFiles/pico_prj.dir/C_/Users/rober/.pico-sdk/sdk/2.0.0/src/rp2_common/pico_printf/printf.c.obj
 .rodata._vsnprintf
                0x1000ac34      0x19c CMakeFiles/pico_prj.dir/C_/Users/rober/.pico-sdk/sdk/2.0.0/src/rp2_common/pico_printf/printf.c.obj
 .rodata.pow10.0
                0x1000add0       0x50 CMakeFiles/pico_prj.dir/C_/Users/rober/.pico-sdk/sdk/2.0.0/src/rp2_common/pico_printf/printf.c.obj
 .rodata.crlf_str.0
                0x1000ae20        0x2 CMakeFiles/pico_prj.dir/C_/Users/rober/.pico-sdk/sdk/2.0.0/src/rp2_common/pico_stdio/stdio.c.obj
 *fill*         0x1000ae22        0x2 
 .rodata._resetd_driver
                0x1000ae24       0x20 CMakeFiles/pico_prj.dir/C_/Users/rober/.pico-sdk/sdk/2.0.0/src/rp2_common/pico_stdio_usb/reset_interface.c.obj
 .rodata.desc_ms_os_20
                0x1000ae44       0xa6 CMakeFiles/pico_prj.dir/C_/Users/rober/.pico-sdk/sdk/2.0.0/src/rp2_common/pico_stdio_usb/reset_interface.c.obj
 *fill*         0x1000aeea        0x2 
 .rodata.desc_bos
                0x1000aeec       0x21 CMakeFiles/pico_prj.dir/C_/Users/rober/.pico-sdk/sdk/2.0.0/src/rp2_common/pico_stdio_usb/reset_interface.c.obj
                0x1000aeec                desc_bos
 .rodata.str1.4
                0x1000af0d       0x13 CMakeFiles/pico_prj.dir/C_/Users/rober/.pico-sdk/sdk/2.0.0/src/rp2_common/pico_stdio_usb/stdio_usb.c.obj
 *fill*         0x1000af0d        0x3 
 .rodata.__bi_197.0
                0x1000af10        0xc CMakeFiles/pico_prj.dir/C_/Users/rober/.pico-sdk/sdk/2.0.0/src/rp2_common/pico_stdio_usb/stdio_usb.c.obj
 .rodata.str1.4
                0x1000af1c       0x2a CMakeFiles/pico_prj.dir/C_/Users/rober/.pico-sdk/sdk/2.0.0/src/rp2_common/pico_stdio_usb/stdio_usb_descriptors.c.obj
 .rodata.usbd_desc_str
                0x1000af1c       0x18 CMakeFiles/pico_prj.dir/C_/Users/rober/.pico-sdk/sdk/2.0.0/src/rp2_common/pico_stdio_usb/stdio_usb_descriptors.c.obj
 .rodata.usbd_desc_cfg
                0x1000af34       0x54 CMakeFiles/pico_prj.dir/C_/Users/rober/.pico-sdk/sdk/2.0.0/src/rp2_common/pico_stdio_usb/stdio_usb_descriptors.c.obj
 .rodata.usbd_desc_device
                0x1000af88       0x12 CMakeFiles/pico_prj.dir/C_/Users/rober/.pico-sdk/sdk/2.0.0/src/rp2_common/pico_stdio_usb/stdio_usb_descriptors.c.obj
 .rodata.str1.4
                0x1000af9a       0x14 CMakeFiles/pico_prj.dir/C_/Users/rober/.pico-sdk/sdk/2.0.0/lib/tinyusb/src/portable/raspberrypi/rp2040/dcd_rp2040.c.obj
 .rodata.str1.4
                0x1000af9a       0x48 CMakeFiles/pico_prj.dir/C_/Users/rober/.pico-sdk/sdk/2.0.0/lib/tinyusb/src/portable/raspberrypi/rp2040/rp2040_usb.c.obj
 *fill*         0x1000af9a        0x2 
 .rodata.tud_task_ext
                0x1000af9c       0x8c CMakeFiles/pico_prj.dir/C_/Users/rober/.pico-sdk/sdk/2.0.0/lib/tinyusb/src/device/usbd.c.obj
 .rodata        0x1000b028       0x1c CMakeFiles/pico_prj.dir/C_/Users/rober/.pico-sdk/sdk/2.0.0/lib/tinyusb/src/device/usbd.c.obj
 .rodata._usbd_driver
                0x1000b044       0x40 CMakeFiles/pico_prj.dir/C_/Users/rober/.pico-sdk/sdk/2.0.0/lib/tinyusb/src/device/usbd.c.obj
 .rodata.dma_claim_unused_channel.str1.4
                0x1000b084       0x1e CMakeFiles/pico_prj.dir/C_/Users/rober/.pico-sdk/sdk/2.0.0/src/rp2_common/hardware_dma/dma.c.obj
 .rodata.cyw43_read_bytes.str1.4
                0x1000b084       0x1a CMakeFiles/pico_prj.dir/C_/Users/rober/.pico-sdk/sdk/2.0.0/src/rp2_common/pico_cyw43_driver/cyw43_bus_pio_spi.c.obj
 .rodata.cyw43_write_bytes.str1.4
                0x1000b084        0xd CMakeFiles/pico_prj.dir/C_/Users/rober/.pico-sdk/sdk/2.0.0/src/rp2_common/pico_cyw43_driver/cyw43_bus_pio_spi.c.obj
 .rodata.spi_gap01_sample0_program
                0x1000b084        0x8 CMakeFiles/pico_prj.dir/C_/Users/rober/.pico-sdk/sdk/2.0.0/src/rp2_common/pico_cyw43_driver/cyw43_bus_pio_spi.c.obj
 .rodata.spi_gap01_sample0_program_instructions
                0x1000b08c        0xc CMakeFiles/pico_prj.dir/C_/Users/rober/.pico-sdk/sdk/2.0.0/src/rp2_common/pico_cyw43_driver/cyw43_bus_pio_spi.c.obj
 .rodata.cyw43_kso_set.str1.4
                0x1000b098       0x23 CMakeFiles/pico_prj.dir/C_/Users/rober/.pico-sdk/sdk/2.0.0/lib/cyw43-driver/src/cyw43_ll.c.obj
 .rodata.cyw43_ll_sdpcm_poll_device.str1.4
                0x1000b098       0x55 CMakeFiles/pico_prj.dir/C_/Users/rober/.pico-sdk/sdk/2.0.0/lib/cyw43-driver/src/cyw43_ll.c.obj
 .rodata.cyw43_sdpcm_send_common.str1.4
                0x1000b098       0x22 CMakeFiles/pico_prj.dir/C_/Users/rober/.pico-sdk/sdk/2.0.0/lib/cyw43-driver/src/cyw43_ll.c.obj
 .rodata.cyw43_do_ioctl.part.0.str1.4
                0x1000b098       0x53 CMakeFiles/pico_prj.dir/C_/Users/rober/.pico-sdk/sdk/2.0.0/lib/cyw43-driver/src/cyw43_ll.c.obj
 .rodata.reset_device_core.constprop.0.str1.4
                0x1000b098       0x1a CMakeFiles/pico_prj.dir/C_/Users/rober/.pico-sdk/sdk/2.0.0/lib/cyw43-driver/src/cyw43_ll.c.obj
 .rodata.cyw43_ll_wifi_on.str1.4
                0x1000b098       0x52 CMakeFiles/pico_prj.dir/C_/Users/rober/.pico-sdk/sdk/2.0.0/lib/cyw43-driver/src/cyw43_ll.c.obj
 .rodata.cyw43_ll_bus_init.str1.4
                0x1000b098       0xea CMakeFiles/pico_prj.dir/C_/Users/rober/.pico-sdk/sdk/2.0.0/lib/cyw43-driver/src/cyw43_ll.c.obj
 .rodata.cyw43_ll_gpio_set.str1.4
                0x1000b098        0x8 CMakeFiles/pico_prj.dir/C_/Users/rober/.pico-sdk/sdk/2.0.0/lib/cyw43-driver/src/cyw43_ll.c.obj
 .rodata.w43439A0_7_95_49_00_combined
                0x1000b098    0x36fd8 CMakeFiles/pico_prj.dir/C_/Users/rober/.pico-sdk/sdk/2.0.0/lib/cyw43-driver/src/cyw43_ll.c.obj
 .rodata.wifi_nvram_4343
                0x10042070      0x2e7 CMakeFiles/pico_prj.dir/C_/Users/rober/.pico-sdk/sdk/2.0.0/lib/cyw43-driver/src/cyw43_ll.c.obj
 *fill*         0x10042357        0x1 
 .rodata        0x10042358       0x72 CMakeFiles/pico_prj.dir/C_/Users/rober/.pico-sdk/sdk/2.0.0/lib/cyw43-driver/src/cyw43_ll.c.obj
 .rodata.cyw43_cb_process_async_event.str1.4
                0x100423ca       0x28 CMakeFiles/pico_prj.dir/C_/Users/rober/.pico-sdk/sdk/2.0.0/lib/cyw43-driver/src/cyw43_ctrl.c.obj
 *fill*         0x100423ca        0x2 
 .rodata.cyw43_cb_process_async_event
                0x100423cc       0xbc CMakeFiles/pico_prj.dir/C_/Users/rober/.pico-sdk/sdk/2.0.0/lib/cyw43-driver/src/cyw43_ctrl.c.obj
 .rodata.str1.4
                0x10042488       0x9e CMakeFiles/pico_prj.dir/C_/Users/rober/.pico-sdk/sdk/2.0.0/lib/cyw43-driver/src/cyw43_ctrl.c.obj
 .rodata.cyw43_async_event_name_table
                0x10042488      0x164 CMakeFiles/pico_prj.dir/C_/Users/rober/.pico-sdk/sdk/2.0.0/lib/cyw43-driver/src/cyw43_ctrl.c.obj
 .rodata.pio_claim_unused_sm.str1.4
                0x100425ec       0x24 CMakeFiles/pico_prj.dir/C_/Users/rober/.pico-sdk/sdk/2.0.0/src/rp2_common/hardware_pio/pio.c.obj
 .rodata.cyw43_cb_tcpip_set_link_up.str1.4
                0x100425ec       0x20 CMakeFiles/pico_prj.dir/C_/Users/rober/.pico-sdk/sdk/2.0.0/src/rp2_common/pico_cyw43_driver/cyw43_driver.c.obj
 .rodata.async_context_threadsafe_background_lock_check.str1.4
                0x100425ec       0x20 CMakeFiles/pico_prj.dir/C_/Users/rober/.pico-sdk/sdk/2.0.0/src/rp2_common/pico_async_context/async_context_threadsafe_background.c.obj
 .rodata.template
                0x100425ec       0x38 CMakeFiles/pico_prj.dir/C_/Users/rober/.pico-sdk/sdk/2.0.0/src/rp2_common/pico_async_context/async_context_threadsafe_background.c.obj
                0x10042624                        . = ALIGN (0x4)
 *(SORT_BY_ALIGNMENT(SORT_BY_NAME(.flashdata*)))
                0x10042624                        . = ALIGN (0x4)

.ARM.extab
 *(.ARM.extab* .gnu.linkonce.armextab.*)
                0x10042624                        __exidx_start = .

.ARM.exidx
 *(.ARM.exidx* .gnu.linkonce.armexidx.*)
                0x10042624                        __exidx_end = .
                0x10042624                        . = ALIGN (0x4)
                0x10042624                        __binary_info_start = .

.binary_info    0x10042624       0x20
 *(.binary_info.keep.*)
 .binary_info.keep.__bi_ptr84
                0x10042624        0x4 CMakeFiles/pico_prj.dir/C_/Users/rober/.pico-sdk/sdk/2.0.0/src/rp2_common/pico_standard_binary_info/standard_binary_info.c.obj
 .binary_info.keep.__bi_ptr60
                0x10042628        0x4 CMakeFiles/pico_prj.dir/C_/Users/rober/.pico-sdk/sdk/2.0.0/src/rp2_common/pico_standard_binary_info/standard_binary_info.c.obj
 .binary_info.keep.__bi_ptr54
                0x1004262c        0x4 CMakeFiles/pico_prj.dir/C_/Users/rober/.pico-sdk/sdk/2.0.0/src/rp2_common/pico_standard_binary_info/standard_binary_info.c.obj
 .binary_info.keep.__bi_ptr48